Archive member included to satisfy reference by file (symbol)

.\CortexM3\ARM_GCC_541\Debug\Lab_1.a(Pin_1.o)
                              .\CortexM3\ARM_GCC_541\Debug\main.o (Pin_1_Write)
.\CortexM3\ARM_GCC_541\Debug\Lab_1.a(Pin_2.o)
                              .\CortexM3\ARM_GCC_541\Debug\main.o (Pin_2_Write)
.\CortexM3\ARM_GCC_541\Debug\Lab_1.a(Pin_3.o)
                              .\CortexM3\ARM_GCC_541\Debug\main.o (Pin_3_Write)
.\CortexM3\ARM_GCC_541\Debug\Lab_1.a(Pin_4.o)
                              .\CortexM3\ARM_GCC_541\Debug\main.o (Pin_4_Write)
.\CortexM3\ARM_GCC_541\Debug\Lab_1.a(CyLib.o)
                              .\CortexM3\ARM_GCC_541\Debug\Cm3Start.o (CyHalt)
.\CortexM3\ARM_GCC_541\Debug\Lab_1.a(cyPm.o)
                              .\CortexM3\ARM_GCC_541\Debug\Lab_1.a(CyLib.o) (CyPmReadStatus)
.\CortexM3\ARM_GCC_541\Debug\Lab_1.a(SW1.o)
                              .\CortexM3\ARM_GCC_541\Debug\main.o (SW1_Read)
.\CortexM3\ARM_GCC_541\Debug\Lab_1.a(SW2.o)
                              .\CortexM3\ARM_GCC_541\Debug\main.o (SW2_Read)
.\CortexM3\ARM_GCC_541\Debug\Lab_1.a(SW3.o)
                              .\CortexM3\ARM_GCC_541\Debug\main.o (SW3_Read)
.\CortexM3\ARM_GCC_541\Debug\Lab_1.a(SW4.o)
                              .\CortexM3\ARM_GCC_541\Debug\main.o (SW4_Read)
.\CortexM3\ARM_GCC_541\Debug\Lab_1.a(ROW0.o)
                              .\CortexM3\ARM_GCC_541\Debug\keypad.o (ROW0_Read)
.\CortexM3\ARM_GCC_541\Debug\Lab_1.a(ROW1.o)
                              .\CortexM3\ARM_GCC_541\Debug\keypad.o (ROW1_Read)
.\CortexM3\ARM_GCC_541\Debug\Lab_1.a(ROW2.o)
                              .\CortexM3\ARM_GCC_541\Debug\keypad.o (ROW2_Read)
.\CortexM3\ARM_GCC_541\Debug\Lab_1.a(ROW3.o)
                              .\CortexM3\ARM_GCC_541\Debug\keypad.o (ROW3_Read)
.\CortexM3\ARM_GCC_541\Debug\Lab_1.a(COL1.o)
                              .\CortexM3\ARM_GCC_541\Debug\keypad.o (COL1_Write)
.\CortexM3\ARM_GCC_541\Debug\Lab_1.a(COL2.o)
                              .\CortexM3\ARM_GCC_541\Debug\keypad.o (COL2_Write)
.\CortexM3\ARM_GCC_541\Debug\Lab_1.a(COL3.o)
                              .\CortexM3\ARM_GCC_541\Debug\keypad.o (COL3_Write)
.\CortexM3\ARM_GCC_541\Debug\Lab_1.a(ADC.o)
                              .\CortexM3\ARM_GCC_541\Debug\main.o (ADC_Start)
.\CortexM3\ARM_GCC_541\Debug\Lab_1.a(ADC_INT.o)
                              .\CortexM3\ARM_GCC_541\Debug\Lab_1.a(ADC.o) (ADC_ISR1)
.\CortexM3\ARM_GCC_541\Debug\Lab_1.a(ADC_AMux.o)
                              .\CortexM3\ARM_GCC_541\Debug\Lab_1.a(ADC.o) (ADC_AMux_Select)
.\CortexM3\ARM_GCC_541\Debug\Lab_1.a(ADC_Ext_CP_Clk.o)
                              .\CortexM3\ARM_GCC_541\Debug\Lab_1.a(ADC.o) (ADC_Ext_CP_Clk_SetModeRegister)
.\CortexM3\ARM_GCC_541\Debug\Lab_1.a(ADC_theACLK.o)
                              .\CortexM3\ARM_GCC_541\Debug\Lab_1.a(ADC.o) (ADC_theACLK_SetModeRegister)
.\CortexM3\ARM_GCC_541\Debug\Lab_1.a(Timer.o)
                              .\CortexM3\ARM_GCC_541\Debug\main.o (Timer_ReadStatusRegister)
.\CortexM3\ARM_GCC_541\Debug\Lab_1.a(VDAC8_1.o)
                              .\CortexM3\ARM_GCC_541\Debug\main.o (VDAC8_1_SetValue)
.\CortexM3\ARM_GCC_541\Debug\Lab_1.a(interrupt.o)
                              .\CortexM3\ARM_GCC_541\Debug\main.o (interrupt_StartEx)
.\CortexM3\ARM_GCC_541\Debug\Lab_1.a(PWM_1.o)
                              .\CortexM3\ARM_GCC_541\Debug\main.o (PWM_1_WriteCompare1)
.\CortexM3\ARM_GCC_541\Debug\Lab_1.a(AMux_1.o)
                              .\CortexM3\ARM_GCC_541\Debug\main.o (AMux_1_Start)
.\CortexM3\ARM_GCC_541\Debug\Lab_1.a(UART.o)
                              .\CortexM3\ARM_GCC_541\Debug\main.o (UART_Start)
.\CortexM3\ARM_GCC_541\Debug\Lab_1.a(UART_IntClock.o)
                              .\CortexM3\ARM_GCC_541\Debug\Lab_1.a(UART.o) (UART_IntClock_Start)
.\CortexM3\ARM_GCC_541\Debug\Lab_1.a(LCD.o)
                              .\CortexM3\ARM_GCC_541\Debug\main.o (LCD_PrintString)
.\CortexM3\ARM_GCC_541\Debug\Lab_1.a(isr.o)
                              .\CortexM3\ARM_GCC_541\Debug\main.o (isr_StartEx)
.\CortexM3\ARM_GCC_541\Debug\Lab_1.a(CyBootAsmGnu.o)
                              .\CortexM3\ARM_GCC_541\Debug\cyfitter_cfg.o (CyDelayCycles)
.\CortexM3\ARM_GCC_541\Debug\Lab_1.a(CyFlash.o)
                              .\CortexM3\ARM_GCC_541\Debug\Lab_1.a(cyPm.o) (CyFlash_SetWaitCycles)
.\CortexM3\ARM_GCC_541\Debug\Lab_1.a(CySpc.o)
                              .\CortexM3\ARM_GCC_541\Debug\Lab_1.a(CyFlash.o) (CySpcStart)
c:/program files (x86)/cypress/psoc creator/4.3/psoc creator/import/gnu/arm/5.4.1/bin/../lib/gcc/arm-none-eabi/5.4.1/../../../../arm-none-eabi/lib/armv7-m\libm.a(lib_a-s_sin.o)
                              .\CortexM3\ARM_GCC_541\Debug\main.o (sin)
c:/program files (x86)/cypress/psoc creator/4.3/psoc creator/import/gnu/arm/5.4.1/bin/../lib/gcc/arm-none-eabi/5.4.1/../../../../arm-none-eabi/lib/armv7-m\libm.a(lib_a-e_rem_pio2.o)
[...]
Memory Configuration

Name             Origin             Length             Attributes
rom              0x00000000         0x00040000         xr
ram              0x1fff8000         0x00010000         xrw
*default*        0x00000000         0xffffffff

Linker script and memory map

LOAD c:/program files (x86)/cypress/psoc creator/4.3/psoc creator/import/gnu/arm/5.4.1/bin/../lib/gcc/arm-none-eabi/5.4.1/armv7-m/crti.o
LOAD c:/program files (x86)/cypress/psoc creator/4.3/psoc creator/import/gnu/arm/5.4.1/bin/../lib/gcc/arm-none-eabi/5.4.1/armv7-m/crtbegin.o
LOAD c:/program files (x86)/cypress/psoc creator/4.3/psoc creator/import/gnu/arm/5.4.1/bin/../lib/gcc/arm-none-eabi/5.4.1/../../../../arm-none-eabi/lib/armv7-m/crt0.o
START GROUP
LOAD .\CortexM3\ARM_GCC_541\Debug\main.o
LOAD .\CortexM3\ARM_GCC_541\Debug\keypad.o
LOAD .\CortexM3\ARM_GCC_541\Debug\cyfitter_cfg.o
LOAD .\CortexM3\ARM_GCC_541\Debug\cymetadata.o
LOAD .\CortexM3\ARM_GCC_541\Debug\Cm3Start.o
LOAD .\CortexM3\ARM_GCC_541\Debug\Lab_1.a
LOAD C:\Program Files (x86)\Cypress\PSoC Creator\4.3\PSoC Creator\psoc\content\cycomponentlibrary\CyComponentLibrary.cylib\CortexM3\ARM_GCC_541\Debug\CyComponentLibrary.a
LOAD c:/program files (x86)/cypress/psoc creator/4.3/psoc creator/import/gnu/arm/5.4.1/bin/../lib/gcc/arm-none-eabi/5.4.1/../../../../arm-none-eabi/lib/armv7-m\libm.a
END GROUP
START GROUP
LOAD c:/program files (x86)/cypress/psoc creator/4.3/psoc creator/import/gnu/arm/5.4.1/bin/../lib/gcc/arm-none-eabi/5.4.1/armv7-m\libgcc.a
LOAD c:/program files (x86)/cypress/psoc creator/4.3/psoc creator/import/gnu/arm/5.4.1/bin/../lib/gcc/arm-none-eabi/5.4.1/../../../../arm-none-eabi/lib/armv7-m\libg_nano.a
LOAD c:/program files (x86)/cypress/psoc creator/4.3/psoc creator/import/gnu/arm/5.4.1/bin/../lib/gcc/arm-none-eabi/5.4.1/../../../../arm-none-eabi/lib/armv7-m\libc_nano.a
END GROUP
START GROUP
LOAD c:/program files (x86)/cypress/psoc creator/4.3/psoc creator/import/gnu/arm/5.4.1/bin/../lib/gcc/arm-none-eabi/5.4.1/armv7-m\libgcc.a
LOAD c:/program files (x86)/cypress/psoc creator/4.3/psoc creator/import/gnu/arm/5.4.1/bin/../lib/gcc/arm-none-eabi/5.4.1/../../../../arm-none-eabi/lib/armv7-m\libc_nano.a
END GROUP
LOAD c:/program files (x86)/cypress/psoc creator/4.3/psoc creator/import/gnu/arm/5.4.1/bin/../lib/gcc/arm-none-eabi/5.4.1/armv7-m/crtend.o
LOAD c:/program files (x86)/cypress/psoc creator/4.3/psoc creator/import/gnu/arm/5.4.1/bin/../lib/gcc/arm-none-eabi/5.4.1/armv7-m/crtn.o
START GROUP
LOAD c:/program files (x86)/cypress/psoc creator/4.3/psoc creator/import/gnu/arm/5.4.1/bin/../lib/gcc/arm-none-eabi/5.4.1/armv7-m\libgcc.a
LOAD c:/program files (x86)/cypress/psoc creator/4.3/psoc creator/import/gnu/arm/5.4.1/bin/../lib/gcc/arm-none-eabi/5.4.1/../../../../arm-none-eabi/lib/armv7-m\libc.a
LOAD c:/program files (x86)/cypress/psoc creator/4.3/psoc creator/import/gnu/arm/5.4.1/bin/../lib/gcc/arm-none-eabi/5.4.1/../../../../arm-none-eabi/lib/armv7-m\libnosys.a
END GROUP
                0x00000000                CY_APPL_ORIGIN = 0x0
                0x00000100                CY_FLASH_ROW_SIZE = 0x100
                0x00000020                CY_ECC_ROW_SIZE = 0x20
                0x00000000                CY_EE_IN_BTLDR = 0x0
                0x00000000                CY_APPL_LOADABLE = 0x0
                0x00000800                CY_EE_SIZE = 0x800
                0x00000001                CY_APPL_NUM = 0x1
                0x00000001                CY_APPL_MAX = 0x1
                0x00000040                CY_METADATA_SIZE = 0x40
                0x00000000                CY_APPL_LOADABLE = 0x0
                0x00000000                CY_CHECKSUM_EXCLUDE_SIZE = ALIGN (0x0, CY_FLASH_ROW_SIZE)
                [!provide]                PROVIDE (__cy_heap_start, _end)
                0x00000001                PROVIDE (__cy_region_num, ((__cy_regions_end - __cy_regions) / 0x10))
                0x20008000                PROVIDE (__cy_stack, (ORIGIN (ram) + LENGTH (ram)))
                [!provide]                PROVIDE (__cy_heap_end, (__cy_stack - 0x800))

.cybootloader   0x00000000        0x0
 *(.cybootloader)
                0x00000000                appl1_start = CY_APPL_ORIGIN?CY_APPL_ORIGIN:ALIGN (CY_FLASH_ROW_SIZE)
                0x0001ff00                appl2_start = (appl1_start + ALIGN ((((LENGTH (rom) - appl1_start) - (0x2 * CY_FLASH_ROW_SIZE)) / 0x2), CY_FLASH_ROW_SIZE))
                0x00000000                appl_start = (CY_APPL_NUM == 0x1)?appl1_start:appl2_start
                0x00000000                ecc_offset = ((appl_start / CY_FLASH_ROW_SIZE) * CY_ECC_ROW_SIZE)
                0x00000000                ee_offset = (CY_APPL_LOADABLE && ! (CY_EE_IN_BTLDR))?((CY_EE_SIZE / CY_APPL_MAX) * (CY_APPL_NUM - 0x1)):0x0
                0x00000800                ee_size = (CY_APPL_LOADABLE && ! (CY_EE_IN_BTLDR))?(CY_EE_SIZE / CY_APPL_MAX):CY_EE_SIZE
                [!provide]                PROVIDE (CY_ECC_OFFSET, ecc_offset)

.text           0x00000000     0x404e
 CREATE_OBJECT_SYMBOLS
                0x00000000                PROVIDE (__cy_interrupt_vector, RomVectors)
 *(.romvectors)
 .romvectors    0x00000000       0x10 .\CortexM3\ARM_GCC_541\Debug\Cm3Start.o
                0x00000000                RomVectors
                0x00000001                ASSERT ((. != __cy_interrupt_vector), No interrupt vector)
                0x00000001                ASSERT (CY_APPL_ORIGIN?(SIZEOF (.cybootloader) <= CY_APPL_ORIGIN):0x1, Wrong image location)
                0x00000010                PROVIDE (__cy_reset, Reset)
 *(.text.Reset)
 .text.Reset    0x00000010       0x18 .\CortexM3\ARM_GCC_541\Debug\Cm3Start.o
                0x00000010                Reset
                0x00000001                ASSERT ((. != __cy_reset), No reset code)
 *(.dma_init)
                0x00000001                ASSERT ((((appl_start + .) <= 0x10000) || 0x1), DMA Init must be within the first 64k of flash)
 *(.text .text.* .gnu.linkonce.t.*)
 .text          0x00000028       0x5c c:/program files (x86)/cypress/psoc creator/4.3/psoc creator/import/gnu/arm/5.4.1/bin/../lib/gcc/arm-none-eabi/5.4.1/armv7-m/crtbegin.o
 .text.uart_rx_Handler
                0x00000084       0x64 .\CortexM3\ARM_GCC_541\Debug\main.o
                0x00000084                uart_rx_Handler
 .text.pinsWrite
                0x000000e8       0x2c .\CortexM3\ARM_GCC_541\Debug\main.o
                0x000000e8                pinsWrite
 .text.soundPlay
                0x00000114       0x40 .\CortexM3\ARM_GCC_541\Debug\main.o
                0x00000114                soundPlay
 .text.SW1_Handler
                0x00000154       0x18 .\CortexM3\ARM_GCC_541\Debug\main.o
                0x00000154                SW1_Handler
 .text.SW2_Handler
                0x0000016c       0x34 .\CortexM3\ARM_GCC_541\Debug\main.o
                0x0000016c                SW2_Handler
 .text.SW3_Handler
                0x000001a0       0x34 .\CortexM3\ARM_GCC_541\Debug\main.o
                0x000001a0                SW3_Handler
 .text.morse    0x000001d4      0x214 .\CortexM3\ARM_GCC_541\Debug\main.o
                0x000001d4                morse
 .text.modifymorsecode
                0x000003e8       0x50 .\CortexM3\ARM_GCC_541\Debug\main.o
                0x000003e8                modifymorsecode
 .text.MORSE    0x00000438      0x218 .\CortexM3\ARM_GCC_541\Debug\main.o
                0x00000438                MORSE
 .text.main     0x00000650      0x270 .\CortexM3\ARM_GCC_541\Debug\main.o
                0x00000650                main
 .text.keypadInit
                0x000008c0       0x18 .\CortexM3\ARM_GCC_541\Debug\keypad.o
                0x000008c0                keypadInit
 .text.keypadScan
                0x000008d8       0xfc .\CortexM3\ARM_GCC_541\Debug\keypad.o
                0x000008d8                keypadScan
 .text.CyClockStartupError
                0x000009d4        0x4 .\CortexM3\ARM_GCC_541\Debug\cyfitter_cfg.o
 .text.cfg_write_bytes32
                0x000009d8       0x34 .\CortexM3\ARM_GCC_541\Debug\cyfitter_cfg.o
 .text.AnalogSetDefault
                0x00000a0c       0x38 .\CortexM3\ARM_GCC_541\Debug\cyfitter_cfg.o
 .text.CYMEMZERO
                0x00000a44        0xc .\CortexM3\ARM_GCC_541\Debug\cyfitter_cfg.o
 .text.CYCONFIGCPY
                0x00000a50        0x8 .\CortexM3\ARM_GCC_541\Debug\cyfitter_cfg.o
 .text.ClockSetup
                0x00000a58      0x100 .\CortexM3\ARM_GCC_541\Debug\cyfitter_cfg.o
 .text.AMux_1_Set
                0x00000b58       0x34 .\CortexM3\ARM_GCC_541\Debug\cyfitter_cfg.o
                0x00000b58                AMux_1_Set
 .text.AMux_1_Unset
                0x00000b8c       0x38 .\CortexM3\ARM_GCC_541\Debug\cyfitter_cfg.o
                0x00000b8c                AMux_1_Unset
 .text.ADC_AMux_Set
                0x00000bc4       0x1c .\CortexM3\ARM_GCC_541\Debug\cyfitter_cfg.o
                0x00000bc4                ADC_AMux_Set
 .text.ADC_AMux_Unset
                0x00000be0       0x20 .\CortexM3\ARM_GCC_541\Debug\cyfitter_cfg.o
                0x00000be0                ADC_AMux_Unset
 .text.cyfitter_cfg
                0x00000c00      0x12c .\CortexM3\ARM_GCC_541\Debug\cyfitter_cfg.o
                0x00000c00                cyfitter_cfg
 .text.IntDefaultHandler
                0x00000d2c       0x10 .\CortexM3\ARM_GCC_541\Debug\Cm3Start.o
                0x00000d2c                IntDefaultHandler
 .text.Start_c  0x00000d3c       0x4c .\CortexM3\ARM_GCC_541\Debug\Cm3Start.o
                0x00000d3c                Start_c
 .text.initialize_psoc
                0x00000d88       0x68 .\CortexM3\ARM_GCC_541\Debug\Cm3Start.o
                0x00000d88                initialize_psoc
 .text.Pin_1_Write
                0x00000df0       0x18 .\CortexM3\ARM_GCC_541\Debug\Lab_1.a(Pin_1.o)
                0x00000df0                Pin_1_Write
 .text.Pin_2_Write
                0x00000e08       0x18 .\CortexM3\ARM_GCC_541\Debug\Lab_1.a(Pin_2.o)
                0x00000e08                Pin_2_Write
 .text.Pin_3_Write
                0x00000e20       0x18 .\CortexM3\ARM_GCC_541\Debug\Lab_1.a(Pin_3.o)
                0x00000e20                Pin_3_Write
 .text.Pin_4_Write
                0x00000e38       0x18 .\CortexM3\ARM_GCC_541\Debug\Lab_1.a(Pin_4.o)
                0x00000e38                Pin_4_Write
 .text.CyHalt   0x00000e50        0x4 .\CortexM3\ARM_GCC_541\Debug\Lab_1.a(CyLib.o)
                0x00000e50                CyHalt
 .text.CyDelay  0x00000e54       0x2c .\CortexM3\ARM_GCC_541\Debug\Lab_1.a(CyLib.o)
                0x00000e54                CyDelay
 .text.CyDelayUs
                0x00000e80       0x14 .\CortexM3\ARM_GCC_541\Debug\Lab_1.a(CyLib.o)
                0x00000e80                CyDelayUs
 .text.CyIntSetVector
                0x00000e94       0x28 .\CortexM3\ARM_GCC_541\Debug\Lab_1.a(CyLib.o)
                0x00000e94                CyIntSetVector
 .text.CyIntSetPriority
                0x00000ebc       0x30 .\CortexM3\ARM_GCC_541\Debug\Lab_1.a(CyLib.o)
                0x00000ebc                CyIntSetPriority
 .text.SW1_Read
                0x00000eec       0x10 .\CortexM3\ARM_GCC_541\Debug\Lab_1.a(SW1.o)
                0x00000eec                SW1_Read
 .text.SW2_Read
                0x00000efc       0x10 .\CortexM3\ARM_GCC_541\Debug\Lab_1.a(SW2.o)
                0x00000efc                SW2_Read
 .text.SW3_Read
                0x00000f0c       0x10 .\CortexM3\ARM_GCC_541\Debug\Lab_1.a(SW3.o)
                0x00000f0c                SW3_Read
 .text.SW4_Read
                0x00000f1c       0x10 .\CortexM3\ARM_GCC_541\Debug\Lab_1.a(SW4.o)
                0x00000f1c                SW4_Read
 .text.ROW0_Read
                0x00000f2c       0x10 .\CortexM3\ARM_GCC_541\Debug\Lab_1.a(ROW0.o)
                0x00000f2c                ROW0_Read
 .text.ROW1_Read
                0x00000f3c       0x10 .\CortexM3\ARM_GCC_541\Debug\Lab_1.a(ROW1.o)
                0x00000f3c                ROW1_Read
 .text.ROW2_Read
                0x00000f4c        0xc .\CortexM3\ARM_GCC_541\Debug\Lab_1.a(ROW2.o)
                0x00000f4c                ROW2_Read
 .text.ROW3_Read
                0x00000f58       0x10 .\CortexM3\ARM_GCC_541\Debug\Lab_1.a(ROW3.o)
                0x00000f58                ROW3_Read
 .text.COL1_Write
                0x00000f68       0x18 .\CortexM3\ARM_GCC_541\Debug\Lab_1.a(COL1.o)
                0x00000f68                COL1_Write
 .text.COL2_Write
                0x00000f80       0x18 .\CortexM3\ARM_GCC_541\Debug\Lab_1.a(COL2.o)
                0x00000f80                COL2_Write
 .text.COL3_Write
                0x00000f98       0x18 .\CortexM3\ARM_GCC_541\Debug\Lab_1.a(COL3.o)
                0x00000f98                COL3_Write
 .text.ADC_GainCompensation
                0x00000fb0       0xe0 .\CortexM3\ARM_GCC_541\Debug\Lab_1.a(ADC.o)
 .text.ADC_SetDSMRef0Reg
                0x00001090       0x4c .\CortexM3\ARM_GCC_541\Debug\Lab_1.a(ADC.o)
 .text.ADC_InitConfig
                0x000010dc      0x32c .\CortexM3\ARM_GCC_541\Debug\Lab_1.a(ADC.o)
 .text.ADC_Init
                0x00001408      0x108 .\CortexM3\ARM_GCC_541\Debug\Lab_1.a(ADC.o)
                0x00001408                ADC_Init
 .text.ADC_Enable
                0x00001510       0xd8 .\CortexM3\ARM_GCC_541\Debug\Lab_1.a(ADC.o)
                0x00001510                ADC_Enable
 .text.ADC_Start
                0x000015e8       0x28 .\CortexM3\ARM_GCC_541\Debug\Lab_1.a(ADC.o)
                0x000015e8                ADC_Start
 .text.ADC_StartConvert
                0x00001610       0x10 .\CortexM3\ARM_GCC_541\Debug\Lab_1.a(ADC.o)
                0x00001610                ADC_StartConvert
 .text.ADC_StopConvert
                0x00001620       0x10 .\CortexM3\ARM_GCC_541\Debug\Lab_1.a(ADC.o)
                0x00001620                ADC_StopConvert
 .text.ADC_IsEndConversion
                0x00001630       0x30 .\CortexM3\ARM_GCC_541\Debug\Lab_1.a(ADC.o)
                0x00001630                ADC_IsEndConversion
 .text.ADC_GetResult32
                0x00001660       0x6c .\CortexM3\ARM_GCC_541\Debug\Lab_1.a(ADC.o)
                0x00001660                ADC_GetResult32
 .text.ADC_CountsTo_mVolts
                0x000016cc       0x24 .\CortexM3\ARM_GCC_541\Debug\Lab_1.a(ADC.o)
                0x000016cc                ADC_CountsTo_mVolts
 .text.ADC_Read32
                0x000016f0       0x28 .\CortexM3\ARM_GCC_541\Debug\Lab_1.a(ADC.o)
                0x000016f0                ADC_Read32
 .text.ADC_ISR1
                0x00001718        0x4 .\CortexM3\ARM_GCC_541\Debug\Lab_1.a(ADC_INT.o)
                0x00001718                ADC_ISR1
 .text.ADC_ISR2
                0x0000171c        0x4 .\CortexM3\ARM_GCC_541\Debug\Lab_1.a(ADC_INT.o)
                0x0000171c                ADC_ISR2
 .text.ADC_ISR3
                0x00001720        0x4 .\CortexM3\ARM_GCC_541\Debug\Lab_1.a(ADC_INT.o)
                0x00001720                ADC_ISR3
 .text.ADC_ISR4
                0x00001724        0x4 .\CortexM3\ARM_GCC_541\Debug\Lab_1.a(ADC_INT.o)
                0x00001724                ADC_ISR4
 .text.ADC_AMux_Start
                0x00001728       0x20 .\CortexM3\ARM_GCC_541\Debug\Lab_1.a(ADC_AMux.o)
                0x00001728                ADC_AMux_Start
 .text.ADC_AMux_Select
                0x00001748       0x18 .\CortexM3\ARM_GCC_541\Debug\Lab_1.a(ADC_AMux.o)
                0x00001748                ADC_AMux_Select
 .text.ADC_Ext_CP_Clk_GetDividerRegister
                0x00001760        0xc .\CortexM3\ARM_GCC_541\Debug\Lab_1.a(ADC_Ext_CP_Clk.o)
                0x00001760                ADC_Ext_CP_Clk_GetDividerRegister
 .text.ADC_Ext_CP_Clk_SetModeRegister
                0x0000176c       0x14 .\CortexM3\ARM_GCC_541\Debug\Lab_1.a(ADC_Ext_CP_Clk.o)
                0x0000176c                ADC_Ext_CP_Clk_SetModeRegister
 .text.ADC_Ext_CP_Clk_GetSourceRegister
                0x00001780       0x10 .\CortexM3\ARM_GCC_541\Debug\Lab_1.a(ADC_Ext_CP_Clk.o)
                0x00001780                ADC_Ext_CP_Clk_GetSourceRegister
 .text.ADC_Ext_CP_Clk_SetDividerRegister
                0x00001790       0xd8 .\CortexM3\ARM_GCC_541\Debug\Lab_1.a(ADC_Ext_CP_Clk.o)
                0x00001790                ADC_Ext_CP_Clk_SetDividerRegister
 .text.ADC_theACLK_GetDividerRegister
                0x00001868        0xc .\CortexM3\ARM_GCC_541\Debug\Lab_1.a(ADC_theACLK.o)
                0x00001868                ADC_theACLK_GetDividerRegister
 .text.ADC_theACLK_SetModeRegister
                0x00001874       0x14 .\CortexM3\ARM_GCC_541\Debug\Lab_1.a(ADC_theACLK.o)
                0x00001874                ADC_theACLK_SetModeRegister
 .text.ADC_theACLK_GetSourceRegister
                0x00001888       0x10 .\CortexM3\ARM_GCC_541\Debug\Lab_1.a(ADC_theACLK.o)
                0x00001888                ADC_theACLK_GetSourceRegister
 .text.ADC_theACLK_SetDividerRegister
                0x00001898       0xd8 .\CortexM3\ARM_GCC_541\Debug\Lab_1.a(ADC_theACLK.o)
                0x00001898                ADC_theACLK_SetDividerRegister
 .text.Timer_Enable
                0x00001970       0x28 .\CortexM3\ARM_GCC_541\Debug\Lab_1.a(Timer.o)
                0x00001970                Timer_Enable
 .text.Timer_SetInterruptMode
                0x00001998        0xc .\CortexM3\ARM_GCC_541\Debug\Lab_1.a(Timer.o)
                0x00001998                Timer_SetInterruptMode
 .text.Timer_ReadStatusRegister
                0x000019a4        0xc .\CortexM3\ARM_GCC_541\Debug\Lab_1.a(Timer.o)
                0x000019a4                Timer_ReadStatusRegister
 .text.Timer_WritePeriod
                0x000019b0        0xc .\CortexM3\ARM_GCC_541\Debug\Lab_1.a(Timer.o)
                0x000019b0                Timer_WritePeriod
 .text.Timer_WriteCounter
                0x000019bc        0xc .\CortexM3\ARM_GCC_541\Debug\Lab_1.a(Timer.o)
                0x000019bc                Timer_WriteCounter
 .text.Timer_Init
                0x000019c8       0x68 .\CortexM3\ARM_GCC_541\Debug\Lab_1.a(Timer.o)
                0x000019c8                Timer_Init
 .text.Timer_Start
                0x00001a30       0x1c .\CortexM3\ARM_GCC_541\Debug\Lab_1.a(Timer.o)
                0x00001a30                Timer_Start
 .text.VDAC8_1_Enable
                0x00001a4c       0x1c .\CortexM3\ARM_GCC_541\Debug\Lab_1.a(VDAC8_1.o)
                0x00001a4c                VDAC8_1_Enable
 .text.VDAC8_1_SetSpeed
                0x00001a68       0x1c .\CortexM3\ARM_GCC_541\Debug\Lab_1.a(VDAC8_1.o)
                0x00001a68                VDAC8_1_SetSpeed
 .text.VDAC8_1_SetValue
                0x00001a84        0xc .\CortexM3\ARM_GCC_541\Debug\Lab_1.a(VDAC8_1.o)
                0x00001a84                VDAC8_1_SetValue
 .text.VDAC8_1_DacTrim
                0x00001a90       0x24 .\CortexM3\ARM_GCC_541\Debug\Lab_1.a(VDAC8_1.o)
                0x00001a90                VDAC8_1_DacTrim
 .text.VDAC8_1_SetRange
                0x00001ab4       0x20 .\CortexM3\ARM_GCC_541\Debug\Lab_1.a(VDAC8_1.o)
                0x00001ab4                VDAC8_1_SetRange
 .text.VDAC8_1_Init
                0x00001ad4       0x20 .\CortexM3\ARM_GCC_541\Debug\Lab_1.a(VDAC8_1.o)
                0x00001ad4                VDAC8_1_Init
 .text.VDAC8_1_Start
                0x00001af4       0x24 .\CortexM3\ARM_GCC_541\Debug\Lab_1.a(VDAC8_1.o)
                0x00001af4                VDAC8_1_Start
 .text.interrupt_SetVector
                0x00001b18       0x10 .\CortexM3\ARM_GCC_541\Debug\Lab_1.a(interrupt.o)
                0x00001b18                interrupt_SetVector
 .text.interrupt_SetPriority
                0x00001b28       0x10 .\CortexM3\ARM_GCC_541\Debug\Lab_1.a(interrupt.o)
                0x00001b28                interrupt_SetPriority
 .text.interrupt_Enable
                0x00001b38       0x10 .\CortexM3\ARM_GCC_541\Debug\Lab_1.a(interrupt.o)
                0x00001b38                interrupt_Enable
 .text.interrupt_Disable
                0x00001b48       0x10 .\CortexM3\ARM_GCC_541\Debug\Lab_1.a(interrupt.o)
                0x00001b48                interrupt_Disable
 .text.interrupt_StartEx
                0x00001b58       0x1c .\CortexM3\ARM_GCC_541\Debug\Lab_1.a(interrupt.o)
                0x00001b58                interrupt_StartEx
 .text.interrupt_Stop
                0x00001b74       0x14 .\CortexM3\ARM_GCC_541\Debug\Lab_1.a(interrupt.o)
                0x00001b74                interrupt_Stop
 .text.PWM_1_Enable
                0x00001b88       0x10 .\CortexM3\ARM_GCC_541\Debug\Lab_1.a(PWM_1.o)
                0x00001b88                PWM_1_Enable
 .text.PWM_1_WriteCounter
                0x00001b98        0xc .\CortexM3\ARM_GCC_541\Debug\Lab_1.a(PWM_1.o)
                0x00001b98                PWM_1_WriteCounter
 .text.PWM_1_WritePeriod
                0x00001ba4        0xc .\CortexM3\ARM_GCC_541\Debug\Lab_1.a(PWM_1.o)
                0x00001ba4                PWM_1_WritePeriod
 .text.PWM_1_WriteCompare1
                0x00001bb0        0xc .\CortexM3\ARM_GCC_541\Debug\Lab_1.a(PWM_1.o)
                0x00001bb0                PWM_1_WriteCompare1
 .text.PWM_1_WriteCompare2
                0x00001bbc        0xc .\CortexM3\ARM_GCC_541\Debug\Lab_1.a(PWM_1.o)
                0x00001bbc                PWM_1_WriteCompare2
 .text.PWM_1_SetInterruptMode
                0x00001bc8        0xc .\CortexM3\ARM_GCC_541\Debug\Lab_1.a(PWM_1.o)
                0x00001bc8                PWM_1_SetInterruptMode
 .text.PWM_1_ReadStatusRegister
                0x00001bd4        0xc .\CortexM3\ARM_GCC_541\Debug\Lab_1.a(PWM_1.o)
                0x00001bd4                PWM_1_ReadStatusRegister
 .text.PWM_1_ReadCapture
                0x00001be0        0xc .\CortexM3\ARM_GCC_541\Debug\Lab_1.a(PWM_1.o)
                0x00001be0                PWM_1_ReadCapture
 .text.PWM_1_ClearFIFO
                0x00001bec       0x14 .\CortexM3\ARM_GCC_541\Debug\Lab_1.a(PWM_1.o)
                0x00001bec                PWM_1_ClearFIFO
 .text.PWM_1_Init
                0x00001c00       0x64 .\CortexM3\ARM_GCC_541\Debug\Lab_1.a(PWM_1.o)
                0x00001c00                PWM_1_Init
 .text.PWM_1_Start
                0x00001c64       0x1c .\CortexM3\ARM_GCC_541\Debug\Lab_1.a(PWM_1.o)
                0x00001c64                PWM_1_Start
 .text.AMux_1_Start
                0x00001c80       0x20 .\CortexM3\ARM_GCC_541\Debug\Lab_1.a(AMux_1.o)
                0x00001c80                AMux_1_Start
 .text.AMux_1_FastSelect
                0x00001ca0       0x20 .\CortexM3\ARM_GCC_541\Debug\Lab_1.a(AMux_1.o)
                0x00001ca0                AMux_1_FastSelect
 .text.UART_Init
                0x00001cc0       0x28 .\CortexM3\ARM_GCC_541\Debug\Lab_1.a(UART.o)
                0x00001cc0                UART_Init
 .text.UART_Enable
                0x00001ce8       0x38 .\CortexM3\ARM_GCC_541\Debug\Lab_1.a(UART.o)
                0x00001ce8                UART_Enable
 .text.UART_Start
                0x00001d20       0x1c .\CortexM3\ARM_GCC_541\Debug\Lab_1.a(UART.o)
                0x00001d20                UART_Start
 .text.UART_ReadRxData
                0x00001d3c        0xc .\CortexM3\ARM_GCC_541\Debug\Lab_1.a(UART.o)
                0x00001d3c                UART_ReadRxData
 .text.UART_ReadRxStatus
                0x00001d48       0x10 .\CortexM3\ARM_GCC_541\Debug\Lab_1.a(UART.o)
                0x00001d48                UART_ReadRxStatus
 .text.UART_GetChar
                0x00001d58       0x2c .\CortexM3\ARM_GCC_541\Debug\Lab_1.a(UART.o)
                0x00001d58                UART_GetChar
 .text.UART_PutChar
                0x00001d84       0x18 .\CortexM3\ARM_GCC_541\Debug\Lab_1.a(UART.o)
                0x00001d84                UART_PutChar
 .text.UART_PutString
                0x00001d9c       0x24 .\CortexM3\ARM_GCC_541\Debug\Lab_1.a(UART.o)
                0x00001d9c                UART_PutString
 .text.UART_IntClock_Start
                0x00001dc0       0x1c .\CortexM3\ARM_GCC_541\Debug\Lab_1.a(UART_IntClock.o)
                0x00001dc0                UART_IntClock_Start
 .text.LCD_WrCntrlNib
                0x00001ddc       0x34 .\CortexM3\ARM_GCC_541\Debug\Lab_1.a(LCD.o)
 .text.LCD_WrDatNib
                0x00001e10       0x44 .\CortexM3\ARM_GCC_541\Debug\Lab_1.a(LCD.o)
 .text.LCD_IsReady
                0x00001e54       0xe4 .\CortexM3\ARM_GCC_541\Debug\Lab_1.a(LCD.o)
                0x00001e54                LCD_IsReady
 .text.LCD_WriteData
                0x00001f38       0x18 .\CortexM3\ARM_GCC_541\Debug\Lab_1.a(LCD.o)
                0x00001f38                LCD_WriteData
 .text.LCD_PrintString
                0x00001f50       0x1c .\CortexM3\ARM_GCC_541\Debug\Lab_1.a(LCD.o)
                0x00001f50                LCD_PrintString
 .text.LCD_PutChar
                0x00001f6c        0x8 .\CortexM3\ARM_GCC_541\Debug\Lab_1.a(LCD.o)
                0x00001f6c                LCD_PutChar
 .text.LCD_WriteControl
                0x00001f74       0x18 .\CortexM3\ARM_GCC_541\Debug\Lab_1.a(LCD.o)
                0x00001f74                LCD_WriteControl
 .text.LCD_Init
                0x00001f8c       0x6c .\CortexM3\ARM_GCC_541\Debug\Lab_1.a(LCD.o)
                0x00001f8c                LCD_Init
 .text.LCD_Enable
                0x00001ff8       0x14 .\CortexM3\ARM_GCC_541\Debug\Lab_1.a(LCD.o)
                0x00001ff8                LCD_Enable
 .text.LCD_Start
                0x0000200c       0x1c .\CortexM3\ARM_GCC_541\Debug\Lab_1.a(LCD.o)
                0x0000200c                LCD_Start
 .text.LCD_Position
                0x00002028       0x3c .\CortexM3\ARM_GCC_541\Debug\Lab_1.a(LCD.o)
                0x00002028                LCD_Position
 .text.isr_SetVector
                0x00002064        0xc .\CortexM3\ARM_GCC_541\Debug\Lab_1.a(isr.o)
                0x00002064                isr_SetVector
 .text.isr_SetPriority
                0x00002070       0x10 .\CortexM3\ARM_GCC_541\Debug\Lab_1.a(isr.o)
                0x00002070                isr_SetPriority
 .text.isr_Enable
                0x00002080        0xc .\CortexM3\ARM_GCC_541\Debug\Lab_1.a(isr.o)
                0x00002080                isr_Enable
 .text.isr_Disable
                0x0000208c        0xc .\CortexM3\ARM_GCC_541\Debug\Lab_1.a(isr.o)
                0x0000208c                isr_Disable
 .text.isr_StartEx
                0x00002098       0x1c .\CortexM3\ARM_GCC_541\Debug\Lab_1.a(isr.o)
                0x00002098                isr_StartEx
 *fill*         0x000020b4        0x4 
 .text          0x000020b8       0x20 .\CortexM3\ARM_GCC_541\Debug\Lab_1.a(CyBootAsmGnu.o)
                0x000020b8                CyDelayCycles
                0x000020c8                CyEnterCriticalSection
                0x000020d0                CyExitCriticalSection
 .text.sin      0x000020d8       0x90 c:/program files (x86)/cypress/psoc creator/4.3/psoc creator/import/gnu/arm/5.4.1/bin/../lib/gcc/arm-none-eabi/5.4.1/../../../../arm-none-eabi/lib/armv7-m\libm.a(lib_a-s_sin.o)
                0x000020d8                sin
 .text.__ieee754_rem_pio2
                0x00002168      0x42c c:/program files (x86)/cypress/psoc creator/4.3/psoc creator/import/gnu/arm/5.4.1/bin/../lib/gcc/arm-none-eabi/5.4.1/../../../../arm-none-eabi/lib/armv7-m\libm.a(lib_a-e_rem_pio2.o)
                0x00002168                __ieee754_rem_pio2
 *fill*         0x00002594        0x4 
 .text.__kernel_cos
                0x00002598      0x248 c:/program files (x86)/cypress/psoc creator/4.3/psoc creator/import/gnu/arm/5.4.1/bin/../lib/gcc/arm-none-eabi/5.4.1/../../../../arm-none-eabi/lib/armv7-m\libm.a(lib_a-k_cos.o)
                0x00002598                __kernel_cos
 .text.__kernel_rem_pio2
                0x000027e0      0x7f0 c:/program files (x86)/cypress/psoc creator/4.3/psoc creator/import/gnu/arm/5.4.1/bin/../lib/gcc/arm-none-eabi/5.4.1/../../../../arm-none-eabi/lib/armv7-m\libm.a(lib_a-k_rem_pio2.o)
                0x000027e0                __kernel_rem_pio2
 .text.__kernel_sin
                0x00002fd0      0x16c c:/program files (x86)/cypress/psoc creator/4.3/psoc creator/import/gnu/arm/5.4.1/bin/../lib/gcc/arm-none-eabi/5.4.1/../../../../arm-none-eabi/lib/armv7-m\libm.a(lib_a-k_sin.o)
                0x00002fd0                __kernel_sin
 .text.fabs     0x0000313c        0x8 c:/program files (x86)/cypress/psoc creator/4.3/psoc creator/import/gnu/arm/5.4.1/bin/../lib/gcc/arm-none-eabi/5.4.1/../../../../arm-none-eabi/lib/armv7-m\libm.a(lib_a-s_fabs.o)
                0x0000313c                fabs
 *fill*         0x00003144        0x4 
 .text.floor    0x00003148      0x110 c:/program files (x86)/cypress/psoc creator/4.3/psoc creator/import/gnu/arm/5.4.1/bin/../lib/gcc/arm-none-eabi/5.4.1/../../../../arm-none-eabi/lib/armv7-m\libm.a(lib_a-s_floor.o)
                0x00003148                floor
 .text.scalbn   0x00003258       0xe4 c:/program files (x86)/cypress/psoc creator/4.3/psoc creator/import/gnu/arm/5.4.1/bin/../lib/gcc/arm-none-eabi/5.4.1/../../../../arm-none-eabi/lib/armv7-m\libm.a(lib_a-s_scalbn.o)
                0x00003258                scalbn
 .text.copysign
                0x0000333c       0x10 c:/program files (x86)/cypress/psoc creator/4.3/psoc creator/import/gnu/arm/5.4.1/bin/../lib/gcc/arm-none-eabi/5.4.1/../../../../arm-none-eabi/lib/armv7-m\libm.a(lib_a-s_copysign.o)
                0x0000333c                copysign
 .text          0x0000334c      0x370 c:/program files (x86)/cypress/psoc creator/4.3/psoc creator/import/gnu/arm/5.4.1/bin/../lib/gcc/arm-none-eabi/5.4.1/armv7-m\libgcc.a(_arm_addsubdf3.o)
                0x0000334c                __aeabi_drsub
                0x00003354                __aeabi_dsub
                0x00003354                __subdf3
                0x00003358                __aeabi_dadd
                0x00003358                __adddf3
                0x000035d0                __floatunsidf
                0x000035d0                __aeabi_ui2d
                0x000035f0                __floatsidf
                0x000035f0                __aeabi_i2d
                0x00003614                __aeabi_f2d
                0x00003614                __extendsfdf2
                0x00003650                __floatundidf
                0x00003650                __aeabi_ul2d
                0x00003660                __floatdidf
                0x00003660                __aeabi_l2d
 .text          0x000036bc      0x424 c:/program files (x86)/cypress/psoc creator/4.3/psoc creator/import/gnu/arm/5.4.1/bin/../lib/gcc/arm-none-eabi/5.4.1/armv7-m\libgcc.a(_arm_muldivdf3.o)
                0x000036bc                __aeabi_dmul
                0x000036bc                __muldf3
                0x00003910                __divdf3
                0x00003910                __aeabi_ddiv
 .text          0x00003ae0      0x110 c:/program files (x86)/cypress/psoc creator/4.3/psoc creator/import/gnu/arm/5.4.1/bin/../lib/gcc/arm-none-eabi/5.4.1/armv7-m\libgcc.a(_arm_cmpdf2.o)
                0x00003ae0                __gtdf2
                0x00003ae0                __gedf2
                0x00003ae8                __ltdf2
                0x00003ae8                __ledf2
                0x00003af0                __nedf2
                0x00003af0                __eqdf2
                0x00003af0                __cmpdf2
                0x00003b6c                __aeabi_cdrcmple
                0x00003b7c                __aeabi_cdcmpeq
                0x00003b7c                __aeabi_cdcmple
                0x00003b8c                __aeabi_dcmpeq
                0x00003ba0                __aeabi_dcmplt
                0x00003bb4                __aeabi_dcmple
                0x00003bc8                __aeabi_dcmpge
                0x00003bdc                __aeabi_dcmpgt
 .text          0x00003bf0       0x50 c:/program files (x86)/cypress/psoc creator/4.3/psoc creator/import/gnu/arm/5.4.1/bin/../lib/gcc/arm-none-eabi/5.4.1/armv7-m\libgcc.a(_arm_fixdfsi.o)
                0x00003bf0                __aeabi_d2iz
                0x00003bf0                __fixdfsi
 .text          0x00003c40       0xa0 c:/program files (x86)/cypress/psoc creator/4.3/psoc creator/import/gnu/arm/5.4.1/bin/../lib/gcc/arm-none-eabi/5.4.1/armv7-m\libgcc.a(_arm_truncdfsf2.o)
                0x00003c40                __truncdfsf2
                0x00003c40                __aeabi_d2f
 .text          0x00003ce0      0x2a0 c:/program files (x86)/cypress/psoc creator/4.3/psoc creator/import/gnu/arm/5.4.1/bin/../lib/gcc/arm-none-eabi/5.4.1/armv7-m\libgcc.a(_arm_muldivsf3.o)
                0x00003ce0                __mulsf3
                0x00003ce0                __aeabi_fmul
                0x00003e48                __aeabi_fdiv
                0x00003e48                __divsf3
 .text          0x00003f80       0x40 c:/program files (x86)/cypress/psoc creator/4.3/psoc creator/import/gnu/arm/5.4.1/bin/../lib/gcc/arm-none-eabi/5.4.1/armv7-m\libgcc.a(_arm_fixunssfsi.o)
                0x00003f80                __fixunssfsi
                0x00003f80                __aeabi_f2uiz
 .text.__errno  0x00003fc0        0xc c:/program files (x86)/cypress/psoc creator/4.3/psoc creator/import/gnu/arm/5.4.1/bin/../lib/gcc/arm-none-eabi/5.4.1/../../../../arm-none-eabi/lib/armv7-m\libg_nano.a(lib_a-errno.o)
                0x00003fc0                __errno
 .text.__libc_init_array
                0x00003fcc       0x4c c:/program files (x86)/cypress/psoc creator/4.3/psoc creator/import/gnu/arm/5.4.1/bin/../lib/gcc/arm-none-eabi/5.4.1/../../../../arm-none-eabi/lib/armv7-m\libg_nano.a(lib_a-init.o)
                0x00003fcc                __libc_init_array
 .text.memcpy   0x00004018       0x16 c:/program files (x86)/cypress/psoc creator/4.3/psoc creator/import/gnu/arm/5.4.1/bin/../lib/gcc/arm-none-eabi/5.4.1/../../../../arm-none-eabi/lib/armv7-m\libg_nano.a(lib_a-memcpy-stub.o)
                0x00004018                memcpy
 .text.memset   0x0000402e       0x10 c:/program files (x86)/cypress/psoc creator/4.3/psoc creator/import/gnu/arm/5.4.1/bin/../lib/gcc/arm-none-eabi/5.4.1/../../../../arm-none-eabi/lib/armv7-m\libg_nano.a(lib_a-memset.o)
                0x0000402e                memset
 .text          0x0000403e       0x10 c:/program files (x86)/cypress/psoc creator/4.3/psoc creator/import/gnu/arm/5.4.1/bin/../lib/gcc/arm-none-eabi/5.4.1/../../../../arm-none-eabi/lib/armv7-m\libg_nano.a(lib_a-strlen.o)
                0x0000403e                strlen
 *(.plt)
 *(.gnu.warning)
 *(.glue_7t)
 .glue_7t       0x0000404e        0x0 linker stubs
 *(.glue_7)
 .glue_7        0x0000404e        0x0 linker stubs
 *(.vfp11_veneer)
 .vfp11_veneer  0x0000404e        0x0 linker stubs
 *(.bootloader)
 *(.ARM.extab* .gnu.linkonce.armextab.*)
 *(.gcc_except_table)

.v4_bx          0x00004050        0x0
 .v4_bx         0x00004050        0x0 linker stubs

.iplt           0x00004050        0x0
 .iplt          0x00004050        0x0 c:/program files (x86)/cypress/psoc creator/4.3/psoc creator/import/gnu/arm/5.4.1/bin/../lib/gcc/arm-none-eabi/5.4.1/armv7-m/crtbegin.o

.eh_frame_hdr
 *(.eh_frame_hdr)

.eh_frame       0x00004050        0x4
 *(.eh_frame)
 .eh_frame      0x00004050        0x0 c:/program files (x86)/cypress/psoc creator/4.3/psoc creator/import/gnu/arm/5.4.1/bin/../lib/gcc/arm-none-eabi/5.4.1/armv7-m/crtbegin.o
 .eh_frame      0x00004050        0x4 c:/program files (x86)/cypress/psoc creator/4.3/psoc creator/import/gnu/arm/5.4.1/bin/../lib/gcc/arm-none-eabi/5.4.1/armv7-m/crtend.o
                [!provide]                PROVIDE (__exidx_start, .)

.ARM.exidx
 *(.ARM.exidx* .gnu.linkonce.armexidx.*)
                0x00004054                __exidx_end = .

.rodata         0x00004058      0x280
 *(.rodata .rodata.* .gnu.linkonce.r.*)
 .rodata.str1.4
                0x00004058       0x24 .\CortexM3\ARM_GCC_541\Debug\main.o
                                 0x23 (size before relaxing)
 .rodata        0x0000407c       0x4a .\CortexM3\ARM_GCC_541\Debug\cyfitter_cfg.o
                0x0000407c                AMux_1__addrTable
                0x0000408c                AMux_1__maskTable
                0x00004090                ADC_AMux__addrTable
                0x00004098                ADC_AMux__maskTable
 *fill*         0x000040c6        0x2 
 .rodata.npio2_hw
                0x000040c8       0x80 c:/program files (x86)/cypress/psoc creator/4.3/psoc creator/import/gnu/arm/5.4.1/bin/../lib/gcc/arm-none-eabi/5.4.1/../../../../arm-none-eabi/lib/armv7-m\libm.a(lib_a-e_rem_pio2.o)
 .rodata.two_over_pi
                0x00004148      0x108 c:/program files (x86)/cypress/psoc creator/4.3/psoc creator/import/gnu/arm/5.4.1/bin/../lib/gcc/arm-none-eabi/5.4.1/../../../../arm-none-eabi/lib/armv7-m\libm.a(lib_a-e_rem_pio2.o)
 .rodata.init_jk
                0x00004250       0x10 c:/program files (x86)/cypress/psoc creator/4.3/psoc creator/import/gnu/arm/5.4.1/bin/../lib/gcc/arm-none-eabi/5.4.1/../../../../arm-none-eabi/lib/armv7-m\libm.a(lib_a-k_rem_pio2.o)
 .rodata.PIo2   0x00004260       0x40 c:/program files (x86)/cypress/psoc creator/4.3/psoc creator/import/gnu/arm/5.4.1/bin/../lib/gcc/arm-none-eabi/5.4.1/../../../../arm-none-eabi/lib/armv7-m\libm.a(lib_a-k_rem_pio2.o)
 .rodata.str1.1
                0x000042a0        0x2 c:/program files (x86)/cypress/psoc creator/4.3/psoc creator/import/gnu/arm/5.4.1/bin/../lib/gcc/arm-none-eabi/5.4.1/../../../../arm-none-eabi/lib/armv7-m\libg_nano.a(lib_a-impure.o)
                0x000042a4                . = ALIGN (0x4)
 *fill*         0x000042a2        0x2 
 *(.init)
 .init          0x000042a4        0x4 c:/program files (x86)/cypress/psoc creator/4.3/psoc creator/import/gnu/arm/5.4.1/bin/../lib/gcc/arm-none-eabi/5.4.1/armv7-m/crti.o
                0x000042a4                _init
 .init          0x000042a8        0x8 c:/program files (x86)/cypress/psoc creator/4.3/psoc creator/import/gnu/arm/5.4.1/bin/../lib/gcc/arm-none-eabi/5.4.1/armv7-m/crtn.o
                0x000042b0                . = ALIGN (0x4)
                0x000042b0                __preinit_array_start = .
 *(.preinit_array)
                0x000042b0                __preinit_array_end = .
                0x000042b0                . = ALIGN (0x4)
                0x000042b0                __init_array_start = .
 *(SORT(.init_array.*))
 *(.init_array)
 .init_array    0x000042b0        0x4 c:/program files (x86)/cypress/psoc creator/4.3/psoc creator/import/gnu/arm/5.4.1/bin/../lib/gcc/arm-none-eabi/5.4.1/armv7-m/crtbegin.o
 .init_array    0x000042b4        0x4 .\CortexM3\ARM_GCC_541\Debug\Cm3Start.o
                0x000042b8                __init_array_end = .
                0x000042b8                . = ALIGN (0x4)
 *(.fini)
 .fini          0x000042b8        0x4 c:/program files (x86)/cypress/psoc creator/4.3/psoc creator/import/gnu/arm/5.4.1/bin/../lib/gcc/arm-none-eabi/5.4.1/armv7-m/crti.o
                0x000042b8                _fini
 .fini          0x000042bc        0x8 c:/program files (x86)/cypress/psoc creator/4.3/psoc creator/import/gnu/arm/5.4.1/bin/../lib/gcc/arm-none-eabi/5.4.1/armv7-m/crtn.o
                0x000042c4                . = ALIGN (0x4)
                0x000042c4                __fini_array_start = .
 *(.fini_array)
 .fini_array    0x000042c4        0x4 c:/program files (x86)/cypress/psoc creator/4.3/psoc creator/import/gnu/arm/5.4.1/bin/../lib/gcc/arm-none-eabi/5.4.1/armv7-m/crtbegin.o
 *(SORT(.fini_array.*))
                0x000042c8                __fini_array_end = .
                0x000042c8                . = ALIGN (0x4)
 *crtbegin.o(.ctors)
 *(EXCLUDE_FILE(*crtend.o) .ctors)
 *(SORT(.ctors.*))
 *crtend.o(.ctors)
                0x000042c8                . = ALIGN (0x4)
 *crtbegin.o(.dtors)
 *(EXCLUDE_FILE(*crtend.o) .dtors)
 *(SORT(.dtors.*))
 *crtend.o(.dtors)
                0x000042c8                . = ALIGN (0x4)
                0x000042c8                __cy_regions = .
                0x000042c8        0x4 LONG 0x42d8 __cy_region_init_ram
                0x000042cc        0x4 LONG 0x1fff80c8 __cy_region_start_data
                0x000042d0        0x4 LONG 0x300 __cy_region_init_size_ram
                0x000042d4        0x4 LONG 0x218 __cy_region_zero_size_ram
                0x000042d8                __cy_regions_end = .
                0x000042d8                . = ALIGN (0x8)
                0x000042d8                _etext = .

.cy_checksum_exclude
                0x000042d8        0x0
 *(.cy_checksum_exclude)

.ramvectors     0x1fff8000       0xc0
                0x1fff8000                __cy_region_start_ram = .
 *(.ramvectors)
 .ramvectors    0x1fff8000       0xc0 .\CortexM3\ARM_GCC_541\Debug\Cm3Start.o
                0x1fff8000                CyRamVectors

.noinit         0x1fff80c0        0x1
 *(.noinit)
 .noinit        0x1fff80c0        0x1 .\CortexM3\ARM_GCC_541\Debug\Lab_1.a(CyLib.o)
                0x1fff80c0                CyResetStatus

.data           0x1fff80c8      0x300 load address 0x000042d8
                0x1fff80c8                __cy_region_start_data = .
 *(.jcr)
 .jcr           0x1fff80c8        0x0 c:/program files (x86)/cypress/psoc creator/4.3/psoc creator/import/gnu/arm/5.4.1/bin/../lib/gcc/arm-none-eabi/5.4.1/armv7-m/crtbegin.o
 .jcr           0x1fff80c8        0x4 c:/program files (x86)/cypress/psoc creator/4.3/psoc creator/import/gnu/arm/5.4.1/bin/../lib/gcc/arm-none-eabi/5.4.1/armv7-m/crtend.o
 *(.got.plt)
 *(.got)
 *(.shdata)
 *(.data .data.* .gnu.linkonce.d.*)
 *fill*         0x1fff80cc        0x4 
 .data          0x1fff80d0      0x280 .\CortexM3\ARM_GCC_541\Debug\main.o
                0x1fff80d0                ti
                0x1fff80d4                taah
                0x1fff80d8                begin
                0x1fff80e0                semaphore_alphabet
 .data          0x1fff8350       0x10 .\CortexM3\ARM_GCC_541\Debug\Lab_1.a(CyLib.o)
                0x1fff8350                cydelay_32k_ms
                0x1fff8354                cydelay_freq_khz
                0x1fff8358                cydelay_freq_mhz
                0x1fff835c                cydelay_freq_hz
 .data          0x1fff8360        0x1 .\CortexM3\ARM_GCC_541\Debug\Lab_1.a(ADC.o)
                0x1fff8360                ADC_Config
 .data          0x1fff8361        0x1 .\CortexM3\ARM_GCC_541\Debug\Lab_1.a(ADC_AMux.o)
 .data          0x1fff8362        0x1 .\CortexM3\ARM_GCC_541\Debug\Lab_1.a(AMux_1.o)
 *fill*         0x1fff8363        0x1 
 .data.impure_data
                0x1fff8364       0x60 c:/program files (x86)/cypress/psoc creator/4.3/psoc creator/import/gnu/arm/5.4.1/bin/../lib/gcc/arm-none-eabi/5.4.1/../../../../arm-none-eabi/lib/armv7-m\libg_nano.a(lib_a-impure.o)
 .data._impure_ptr
                0x1fff83c4        0x4 c:/program files (x86)/cypress/psoc creator/4.3/psoc creator/import/gnu/arm/5.4.1/bin/../lib/gcc/arm-none-eabi/5.4.1/../../../../arm-none-eabi/lib/armv7-m\libg_nano.a(lib_a-impure.o)
                0x1fff83c4                _impure_ptr
                0x1fff83c8                . = ALIGN (0x8)
 *(.ram)
                0x1fff83c8                _edata = .

.igot.plt       0x1fff83c8        0x0 load address 0x000045d8
 .igot.plt      0x1fff83c8        0x0 c:/program files (x86)/cypress/psoc creator/4.3/psoc creator/import/gnu/arm/5.4.1/bin/../lib/gcc/arm-none-eabi/5.4.1/armv7-m/crtbegin.o

.bss            0x1fff83c8      0x218 load address 0x000045d8
                0x1fff83c8                PROVIDE (__bss_start__, .)
 *(.shbss)
 *(.bss .bss.* .gnu.linkonce.b.*)
 .bss           0x1fff83c8       0x1c c:/program files (x86)/cypress/psoc creator/4.3/psoc creator/import/gnu/arm/5.4.1/bin/../lib/gcc/arm-none-eabi/5.4.1/armv7-m/crtbegin.o
 .bss           0x1fff83e4       0x32 .\CortexM3\ARM_GCC_541\Debug\main.o
                0x1fff83e4                k
                0x1fff83e8                rxbegin
                0x1fff83ec                count
                0x1fff83f0                countTimesw2
                0x1fff83f4                countTimesw3
                0x1fff83f8                morsecode
                0x1fff8408                morsetottimespace
                0x1fff840c                morseint
                0x1fff8410                countTime
                0x1fff8414                rxend
                0x1fff8415                flag
 *fill*         0x1fff8416        0x2 
 .bss           0x1fff8418       0x18 .\CortexM3\ARM_GCC_541\Debug\Lab_1.a(ADC.o)
                0x1fff8428                ADC_stopConversion
                0x1fff8429                ADC_convDone
                0x1fff842a                ADC_initVar
                0x1fff842b                ADC_started
                0x1fff842c                ADC_Offset
 .bss           0x1fff8430        0x1 .\CortexM3\ARM_GCC_541\Debug\Lab_1.a(Timer.o)
                0x1fff8430                Timer_initVar
 .bss           0x1fff8431        0x1 .\CortexM3\ARM_GCC_541\Debug\Lab_1.a(VDAC8_1.o)
                0x1fff8431                VDAC8_1_initVar
 .bss           0x1fff8432        0x1 .\CortexM3\ARM_GCC_541\Debug\Lab_1.a(PWM_1.o)
                0x1fff8432                PWM_1_initVar
 .bss           0x1fff8433        0x2 .\CortexM3\ARM_GCC_541\Debug\Lab_1.a(UART.o)
                0x1fff8433                UART_initVar
 .bss           0x1fff8435        0x2 .\CortexM3\ARM_GCC_541\Debug\Lab_1.a(LCD.o)
                0x1fff8435                LCD_enableState
                0x1fff8436                LCD_initVar
 *(COMMON)
 *fill*         0x1fff8437        0x1 
 COMMON         0x1fff8438      0x1a4 .\CortexM3\ARM_GCC_541\Debug\main.o
                0x1fff8438                rxData
                0x1fff843c                vec
                0x1fff85cc                mot
                0x1fff85d0                light
                0x1fff85d1                mode
                0x1fff85d2                rxData_char
                0x1fff85d4                formmot
 COMMON         0x1fff85dc        0x4 .\CortexM3\ARM_GCC_541\Debug\Lab_1.a(ADC.o)
                0x1fff85dc                ADC_CountsPerVolt
                0x1fff85e0                . = ALIGN (0x8)
 *(.ram.b)
                0x1fff85e0                _end = .
                0x1fff85e0                __end = .
                0x1fff85e0                PROVIDE (end, .)
                0x1fff85e0                PROVIDE (__bss_end__, .)
                0x000042d8                __cy_region_init_ram = LOADADDR (.data)
                0x00000300                __cy_region_init_size_ram = (_edata - ADDR (.data))
                0x00000218                __cy_region_zero_size_ram = (_end - _edata)

.heap           0x1fff85e0       0x80 load address 0x000045d8
                0x1fff85e0                . = _end
                0x1fff8660                . = (. + 0x80)
 *fill*         0x1fff85e0       0x80 
                0x1fff8660                __cy_heap_limit = .

.stack          0x20007800      0x800
                0x20007800                __cy_stack_limit = .
                0x20008000                . = (. + 0x800)
 *fill*         0x20007800      0x800 
                0x00000001                ASSERT ((__cy_stack_limit >= __cy_heap_limit), region RAM overflowed with stack)
                0x00000000                cy_checksum_exclude_size = (CY_APPL_LOADABLE == 0x1)?SIZEOF (.cy_checksum_exclude):0x0
                0x00000001                ASSERT ((cy_checksum_exclude_size <= CY_CHECKSUM_EXCLUDE_SIZE), CY_BOOT: Section .cy_checksum_exclude size exceedes specified limit.)

.cyloadermeta
 *(.cyloadermeta)

.cyloadablemeta
 *(.cyloadablemeta)

.cyconfigecc    0x80000000      0x57c
 *(.cyconfigecc)
 .cyconfigecc   0x80000000      0x57c .\CortexM3\ARM_GCC_541\Debug\cymetadata.o
                0x80000000                cy_meta_configecc

.cycustnvl      0x90000000        0x4
 *(.cycustnvl)
 .cycustnvl     0x90000000        0x4 .\CortexM3\ARM_GCC_541\Debug\cymetadata.o
                0x90000000                cy_meta_custnvl

.cywolatch      0x90100000        0x4
 *(.cywolatch)
 .cywolatch     0x90100000        0x4 .\CortexM3\ARM_GCC_541\Debug\cymetadata.o
                0x90100000                cy_meta_wonvl

.cyeeprom       0x90200000        0x0
 *(.cyeeprom)
                0x00000001                ASSERT ((. <= ((0x90200000 + ee_offset) + ee_size)), .cyeeprom data will not fit in EEPROM)

.cyflashprotect
                0x90400000      0x100
 *(.cyflashprotect)
 .cyflashprotect
                0x90400000      0x100 .\CortexM3\ARM_GCC_541\Debug\cymetadata.o
                0x90400000                cy_meta_flashprotect

.cymeta         0x90500000        0xc
 *(.cymeta)
 .cymeta        0x90500000        0xc .\CortexM3\ARM_GCC_541\Debug\cymetadata.o
                0x90500000                cy_metadata

.rel.dyn        0x000045d8        0x0 load address 0x9050000c
 .rel.iplt      0x000045d8        0x0 c:/program files (x86)/cypress/psoc creator/4.3/psoc creator/import/gnu/arm/5.4.1/bin/../lib/gcc/arm-none-eabi/5.4.1/armv7-m/crtbegin.o

.stab
 *(.stab)

.stabstr
 *(.stabstr)

.debug
 *(.debug)

.line
 *(.line)

.debug_srcinfo
 *(.debug_srcinfo)

.debug_sfnames
 *(.debug_sfnames)

.debug_aranges  0x00000000     0x1008
 *(.debug_aranges)
 .debug_aranges
                0x00000000       0x70 .\CortexM3\ARM_GCC_541\Debug\main.o
 .debug_aranges
                0x00000070       0x28 .\CortexM3\ARM_GCC_541\Debug\keypad.o
 .debug_aranges
                0x00000098       0x78 .\CortexM3\ARM_GCC_541\Debug\cyfitter_cfg.o
 .debug_aranges
                0x00000110       0x18 .\CortexM3\ARM_GCC_541\Debug\cymetadata.o
 .debug_aranges
                0x00000128       0x48 .\CortexM3\ARM_GCC_541\Debug\Cm3Start.o
 .debug_aranges
                0x00000170       0x38 .\CortexM3\ARM_GCC_541\Debug\Lab_1.a(Pin_1.o)
 .debug_aranges
                0x000001a8       0x38 .\CortexM3\ARM_GCC_541\Debug\Lab_1.a(Pin_2.o)
 .debug_aranges
                0x000001e0       0x38 .\CortexM3\ARM_GCC_541\Debug\Lab_1.a(Pin_3.o)
 .debug_aranges
                0x00000218       0x38 .\CortexM3\ARM_GCC_541\Debug\Lab_1.a(Pin_4.o)
 .debug_aranges
                0x00000250      0x2a0 .\CortexM3\ARM_GCC_541\Debug\Lab_1.a(CyLib.o)
 .debug_aranges
                0x000004f0       0x98 .\CortexM3\ARM_GCC_541\Debug\Lab_1.a(cyPm.o)
 .debug_aranges
                0x00000588       0x38 .\CortexM3\ARM_GCC_541\Debug\Lab_1.a(SW1.o)
 .debug_aranges
                0x000005c0       0x38 .\CortexM3\ARM_GCC_541\Debug\Lab_1.a(SW2.o)
 .debug_aranges
                0x000005f8       0x38 .\CortexM3\ARM_GCC_541\Debug\Lab_1.a(SW3.o)
 .debug_aranges
                0x00000630       0x38 .\CortexM3\ARM_GCC_541\Debug\Lab_1.a(SW4.o)
 .debug_aranges
                0x00000668       0x38 .\CortexM3\ARM_GCC_541\Debug\Lab_1.a(ROW0.o)
 .debug_aranges
                0x000006a0       0x38 .\CortexM3\ARM_GCC_541\Debug\Lab_1.a(ROW1.o)
 .debug_aranges
                0x000006d8       0x38 .\CortexM3\ARM_GCC_541\Debug\Lab_1.a(ROW2.o)
 .debug_aranges
                0x00000710       0x38 .\CortexM3\ARM_GCC_541\Debug\Lab_1.a(ROW3.o)
 .debug_aranges
                0x00000748       0x38 .\CortexM3\ARM_GCC_541\Debug\Lab_1.a(COL1.o)
 .debug_aranges
                0x00000780       0x38 .\CortexM3\ARM_GCC_541\Debug\Lab_1.a(COL2.o)
 .debug_aranges
                0x000007b8       0x38 .\CortexM3\ARM_GCC_541\Debug\Lab_1.a(COL3.o)
 .debug_aranges
                0x000007f0       0xe8 .\CortexM3\ARM_GCC_541\Debug\Lab_1.a(ADC.o)
 .debug_aranges
                0x000008d8       0x38 .\CortexM3\ARM_GCC_541\Debug\Lab_1.a(ADC_INT.o)
 .debug_aranges
                0x00000910       0x30 .\CortexM3\ARM_GCC_541\Debug\Lab_1.a(ADC_AMux.o)
 .debug_aranges
                0x00000940       0x70 .\CortexM3\ARM_GCC_541\Debug\Lab_1.a(ADC_Ext_CP_Clk.o)
 .debug_aranges
                0x000009b0       0x80 .\CortexM3\ARM_GCC_541\Debug\Lab_1.a(ADC_theACLK.o)
 .debug_aranges
                0x00000a30       0x88 .\CortexM3\ARM_GCC_541\Debug\Lab_1.a(Timer.o)
 .debug_aranges
                0x00000ab8       0x58 .\CortexM3\ARM_GCC_541\Debug\Lab_1.a(VDAC8_1.o)
 .debug_aranges
                0x00000b10       0x80 .\CortexM3\ARM_GCC_541\Debug\Lab_1.a(interrupt.o)
 .debug_aranges
                0x00000b90       0xa8 .\CortexM3\ARM_GCC_541\Debug\Lab_1.a(PWM_1.o)
 .debug_aranges
                0x00000c38       0x30 .\CortexM3\ARM_GCC_541\Debug\Lab_1.a(AMux_1.o)
 .debug_aranges
                0x00000c68       0xf0 .\CortexM3\ARM_GCC_541\Debug\Lab_1.a(UART.o)
 .debug_aranges
                0x00000d58       0x70 .\CortexM3\ARM_GCC_541\Debug\Lab_1.a(UART_IntClock.o)
 .debug_aranges
                0x00000dc8       0x98 .\CortexM3\ARM_GCC_541\Debug\Lab_1.a(LCD.o)
 .debug_aranges
                0x00000e60       0x80 .\CortexM3\ARM_GCC_541\Debug\Lab_1.a(isr.o)
 .debug_aranges
                0x00000ee0       0x20 .\CortexM3\ARM_GCC_541\Debug\Lab_1.a(CyBootAsmGnu.o)
 .debug_aranges
                0x00000f00       0x88 .\CortexM3\ARM_GCC_541\Debug\Lab_1.a(CyFlash.o)
 .debug_aranges
                0x00000f88       0x80 .\CortexM3\ARM_GCC_541\Debug\Lab_1.a(CySpc.o)

.debug_pubnames
 *(.debug_pubnames)

.debug_info     0x00000000     0x8711
 *(.debug_info .gnu.linkonce.wi.*)
 .debug_info    0x00000000      0xb28 .\CortexM3\ARM_GCC_541\Debug\main.o
 .debug_info    0x00000b28      0x380 .\CortexM3\ARM_GCC_541\Debug\keypad.o
 .debug_info    0x00000ea8      0x6a8 .\CortexM3\ARM_GCC_541\Debug\cyfitter_cfg.o
 .debug_info    0x00001550      0x136 .\CortexM3\ARM_GCC_541\Debug\cymetadata.o
 .debug_info    0x00001686      0x3bb .\CortexM3\ARM_GCC_541\Debug\Cm3Start.o
 .debug_info    0x00001a41      0x11f .\CortexM3\ARM_GCC_541\Debug\Lab_1.a(Pin_1.o)
 .debug_info    0x00001b60      0x11f .\CortexM3\ARM_GCC_541\Debug\Lab_1.a(Pin_2.o)
 .debug_info    0x00001c7f      0x11f .\CortexM3\ARM_GCC_541\Debug\Lab_1.a(Pin_3.o)
 .debug_info    0x00001d9e      0x11f .\CortexM3\ARM_GCC_541\Debug\Lab_1.a(Pin_4.o)
 .debug_info    0x00001ebd     0x1374 .\CortexM3\ARM_GCC_541\Debug\Lab_1.a(CyLib.o)
 .debug_info    0x00003231      0xa2a .\CortexM3\ARM_GCC_541\Debug\Lab_1.a(cyPm.o)
 .debug_info    0x00003c5b      0x11f .\CortexM3\ARM_GCC_541\Debug\Lab_1.a(SW1.o)
 .debug_info    0x00003d7a      0x11f .\CortexM3\ARM_GCC_541\Debug\Lab_1.a(SW2.o)
 .debug_info    0x00003e99      0x11f .\CortexM3\ARM_GCC_541\Debug\Lab_1.a(SW3.o)
 .debug_info    0x00003fb8      0x11f .\CortexM3\ARM_GCC_541\Debug\Lab_1.a(SW4.o)
 .debug_info    0x000040d7      0x11f .\CortexM3\ARM_GCC_541\Debug\Lab_1.a(ROW0.o)
 .debug_info    0x000041f6      0x11f .\CortexM3\ARM_GCC_541\Debug\Lab_1.a(ROW1.o)
 .debug_info    0x00004315      0x11f .\CortexM3\ARM_GCC_541\Debug\Lab_1.a(ROW2.o)
 .debug_info    0x00004434      0x11f .\CortexM3\ARM_GCC_541\Debug\Lab_1.a(ROW3.o)
 .debug_info    0x00004553      0x11f .\CortexM3\ARM_GCC_541\Debug\Lab_1.a(COL1.o)
 .debug_info    0x00004672      0x11f .\CortexM3\ARM_GCC_541\Debug\Lab_1.a(COL2.o)
 .debug_info    0x00004791      0x11f .\CortexM3\ARM_GCC_541\Debug\Lab_1.a(COL3.o)
 .debug_info    0x000048b0      0xbee .\CortexM3\ARM_GCC_541\Debug\Lab_1.a(ADC.o)
 .debug_info    0x0000549e       0xd3 .\CortexM3\ARM_GCC_541\Debug\Lab_1.a(ADC_INT.o)
 .debug_info    0x00005571      0x165 .\CortexM3\ARM_GCC_541\Debug\Lab_1.a(ADC_AMux.o)
 .debug_info    0x000056d6      0x283 .\CortexM3\ARM_GCC_541\Debug\Lab_1.a(ADC_Ext_CP_Clk.o)
 .debug_info    0x00005959      0x2c4 .\CortexM3\ARM_GCC_541\Debug\Lab_1.a(ADC_theACLK.o)
 .debug_info    0x00005c1d      0x295 .\CortexM3\ARM_GCC_541\Debug\Lab_1.a(Timer.o)
 .debug_info    0x00005eb2      0x1e0 .\CortexM3\ARM_GCC_541\Debug\Lab_1.a(VDAC8_1.o)
 .debug_info    0x00006092      0x2d2 .\CortexM3\ARM_GCC_541\Debug\Lab_1.a(interrupt.o)
 .debug_info    0x00006364      0x3a0 .\CortexM3\ARM_GCC_541\Debug\Lab_1.a(PWM_1.o)
 .debug_info    0x00006704      0x165 .\CortexM3\ARM_GCC_541\Debug\Lab_1.a(AMux_1.o)
 .debug_info    0x00006869      0x60c .\CortexM3\ARM_GCC_541\Debug\Lab_1.a(UART.o)
 .debug_info    0x00006e75      0x283 .\CortexM3\ARM_GCC_541\Debug\Lab_1.a(UART_IntClock.o)
 .debug_info    0x000070f8      0x715 .\CortexM3\ARM_GCC_541\Debug\Lab_1.a(LCD.o)
 .debug_info    0x0000780d      0x2d2 .\CortexM3\ARM_GCC_541\Debug\Lab_1.a(isr.o)
 .debug_info    0x00007adf       0x95 .\CortexM3\ARM_GCC_541\Debug\Lab_1.a(CyBootAsmGnu.o)
 .debug_info    0x00007b74      0x64d .\CortexM3\ARM_GCC_541\Debug\Lab_1.a(CyFlash.o)
 .debug_info    0x000081c1      0x550 .\CortexM3\ARM_GCC_541\Debug\Lab_1.a(CySpc.o)

.debug_abbrev   0x00000000     0x270a
 *(.debug_abbrev)
 .debug_abbrev  0x00000000      0x1f2 .\CortexM3\ARM_GCC_541\Debug\main.o
 .debug_abbrev  0x000001f2       0xc5 .\CortexM3\ARM_GCC_541\Debug\keypad.o
 .debug_abbrev  0x000002b7      0x21e .\CortexM3\ARM_GCC_541\Debug\cyfitter_cfg.o
 .debug_abbrev  0x000004d5       0x77 .\CortexM3\ARM_GCC_541\Debug\cymetadata.o
 .debug_abbrev  0x0000054c      0x1e8 .\CortexM3\ARM_GCC_541\Debug\Cm3Start.o
 .debug_abbrev  0x00000734       0x90 .\CortexM3\ARM_GCC_541\Debug\Lab_1.a(Pin_1.o)
 .debug_abbrev  0x000007c4       0x90 .\CortexM3\ARM_GCC_541\Debug\Lab_1.a(Pin_2.o)
 .debug_abbrev  0x00000854       0x90 .\CortexM3\ARM_GCC_541\Debug\Lab_1.a(Pin_3.o)
 .debug_abbrev  0x000008e4       0x90 .\CortexM3\ARM_GCC_541\Debug\Lab_1.a(Pin_4.o)
 .debug_abbrev  0x00000974      0x254 .\CortexM3\ARM_GCC_541\Debug\Lab_1.a(CyLib.o)
 .debug_abbrev  0x00000bc8      0x1ab .\CortexM3\ARM_GCC_541\Debug\Lab_1.a(cyPm.o)
 .debug_abbrev  0x00000d73       0x90 .\CortexM3\ARM_GCC_541\Debug\Lab_1.a(SW1.o)
 .debug_abbrev  0x00000e03       0x90 .\CortexM3\ARM_GCC_541\Debug\Lab_1.a(SW2.o)
 .debug_abbrev  0x00000e93       0x90 .\CortexM3\ARM_GCC_541\Debug\Lab_1.a(SW3.o)
 .debug_abbrev  0x00000f23       0x90 .\CortexM3\ARM_GCC_541\Debug\Lab_1.a(SW4.o)
 .debug_abbrev  0x00000fb3       0x90 .\CortexM3\ARM_GCC_541\Debug\Lab_1.a(ROW0.o)
 .debug_abbrev  0x00001043       0x90 .\CortexM3\ARM_GCC_541\Debug\Lab_1.a(ROW1.o)
 .debug_abbrev  0x000010d3       0x90 .\CortexM3\ARM_GCC_541\Debug\Lab_1.a(ROW2.o)
 .debug_abbrev  0x00001163       0x90 .\CortexM3\ARM_GCC_541\Debug\Lab_1.a(ROW3.o)
 .debug_abbrev  0x000011f3       0x90 .\CortexM3\ARM_GCC_541\Debug\Lab_1.a(COL1.o)
 .debug_abbrev  0x00001283       0x90 .\CortexM3\ARM_GCC_541\Debug\Lab_1.a(COL2.o)
 .debug_abbrev  0x00001313       0x90 .\CortexM3\ARM_GCC_541\Debug\Lab_1.a(COL3.o)
 .debug_abbrev  0x000013a3      0x1eb .\CortexM3\ARM_GCC_541\Debug\Lab_1.a(ADC.o)
 .debug_abbrev  0x0000158e       0x42 .\CortexM3\ARM_GCC_541\Debug\Lab_1.a(ADC_INT.o)
 .debug_abbrev  0x000015d0       0xb1 .\CortexM3\ARM_GCC_541\Debug\Lab_1.a(ADC_AMux.o)
 .debug_abbrev  0x00001681      0x139 .\CortexM3\ARM_GCC_541\Debug\Lab_1.a(ADC_Ext_CP_Clk.o)
 .debug_abbrev  0x000017ba      0x121 .\CortexM3\ARM_GCC_541\Debug\Lab_1.a(ADC_theACLK.o)
 .debug_abbrev  0x000018db      0x11a .\CortexM3\ARM_GCC_541\Debug\Lab_1.a(Timer.o)
 .debug_abbrev  0x000019f5       0xf7 .\CortexM3\ARM_GCC_541\Debug\Lab_1.a(VDAC8_1.o)
 .debug_abbrev  0x00001aec      0x173 .\CortexM3\ARM_GCC_541\Debug\Lab_1.a(interrupt.o)
 .debug_abbrev  0x00001c5f      0x133 .\CortexM3\ARM_GCC_541\Debug\Lab_1.a(PWM_1.o)
 .debug_abbrev  0x00001d92       0xb1 .\CortexM3\ARM_GCC_541\Debug\Lab_1.a(AMux_1.o)
 .debug_abbrev  0x00001e43      0x175 .\CortexM3\ARM_GCC_541\Debug\Lab_1.a(UART.o)
 .debug_abbrev  0x00001fb8      0x139 .\CortexM3\ARM_GCC_541\Debug\Lab_1.a(UART_IntClock.o)
 .debug_abbrev  0x000020f1      0x157 .\CortexM3\ARM_GCC_541\Debug\Lab_1.a(LCD.o)
 .debug_abbrev  0x00002248      0x173 .\CortexM3\ARM_GCC_541\Debug\Lab_1.a(isr.o)
 .debug_abbrev  0x000023bb       0x14 .\CortexM3\ARM_GCC_541\Debug\Lab_1.a(CyBootAsmGnu.o)
 .debug_abbrev  0x000023cf      0x1a7 .\CortexM3\ARM_GCC_541\Debug\Lab_1.a(CyFlash.o)
 .debug_abbrev  0x00002576      0x194 .\CortexM3\ARM_GCC_541\Debug\Lab_1.a(CySpc.o)

.debug_line     0x00000000     0x3a87
 *(.debug_line)
 .debug_line    0x00000000      0x505 .\CortexM3\ARM_GCC_541\Debug\main.o
 .debug_line    0x00000505      0x1ec .\CortexM3\ARM_GCC_541\Debug\keypad.o
 .debug_line    0x000006f1      0x237 .\CortexM3\ARM_GCC_541\Debug\cyfitter_cfg.o
 .debug_line    0x00000928      0x141 .\CortexM3\ARM_GCC_541\Debug\cymetadata.o
 .debug_line    0x00000a69      0x234 .\CortexM3\ARM_GCC_541\Debug\Cm3Start.o
 .debug_line    0x00000c9d       0x92 .\CortexM3\ARM_GCC_541\Debug\Lab_1.a(Pin_1.o)
 .debug_line    0x00000d2f       0x92 .\CortexM3\ARM_GCC_541\Debug\Lab_1.a(Pin_2.o)
 .debug_line    0x00000dc1       0x92 .\CortexM3\ARM_GCC_541\Debug\Lab_1.a(Pin_3.o)
 .debug_line    0x00000e53       0x92 .\CortexM3\ARM_GCC_541\Debug\Lab_1.a(Pin_4.o)
 .debug_line    0x00000ee5      0x816 .\CortexM3\ARM_GCC_541\Debug\Lab_1.a(CyLib.o)
 .debug_line    0x000016fb      0x367 .\CortexM3\ARM_GCC_541\Debug\Lab_1.a(cyPm.o)
 .debug_line    0x00001a62       0x90 .\CortexM3\ARM_GCC_541\Debug\Lab_1.a(SW1.o)
 .debug_line    0x00001af2       0x90 .\CortexM3\ARM_GCC_541\Debug\Lab_1.a(SW2.o)
 .debug_line    0x00001b82       0x90 .\CortexM3\ARM_GCC_541\Debug\Lab_1.a(SW3.o)
 .debug_line    0x00001c12       0x90 .\CortexM3\ARM_GCC_541\Debug\Lab_1.a(SW4.o)
 .debug_line    0x00001ca2       0x91 .\CortexM3\ARM_GCC_541\Debug\Lab_1.a(ROW0.o)
 .debug_line    0x00001d33       0x91 .\CortexM3\ARM_GCC_541\Debug\Lab_1.a(ROW1.o)
 .debug_line    0x00001dc4       0x91 .\CortexM3\ARM_GCC_541\Debug\Lab_1.a(ROW2.o)
 .debug_line    0x00001e55       0x91 .\CortexM3\ARM_GCC_541\Debug\Lab_1.a(ROW3.o)
 .debug_line    0x00001ee6       0x91 .\CortexM3\ARM_GCC_541\Debug\Lab_1.a(COL1.o)
 .debug_line    0x00001f77       0x91 .\CortexM3\ARM_GCC_541\Debug\Lab_1.a(COL2.o)
 .debug_line    0x00002008       0x91 .\CortexM3\ARM_GCC_541\Debug\Lab_1.a(COL3.o)
 .debug_line    0x00002099      0x3c1 .\CortexM3\ARM_GCC_541\Debug\Lab_1.a(ADC.o)
 .debug_line    0x0000245a       0x80 .\CortexM3\ARM_GCC_541\Debug\Lab_1.a(ADC_INT.o)
 .debug_line    0x000024da       0xac .\CortexM3\ARM_GCC_541\Debug\Lab_1.a(ADC_AMux.o)
 .debug_line    0x00002586      0x17d .\CortexM3\ARM_GCC_541\Debug\Lab_1.a(ADC_Ext_CP_Clk.o)
 .debug_line    0x00002703      0x19d .\CortexM3\ARM_GCC_541\Debug\Lab_1.a(ADC_theACLK.o)
 .debug_line    0x000028a0      0x153 .\CortexM3\ARM_GCC_541\Debug\Lab_1.a(Timer.o)
 .debug_line    0x000029f3       0xe4 .\CortexM3\ARM_GCC_541\Debug\Lab_1.a(VDAC8_1.o)
 .debug_line    0x00002ad7      0x136 .\CortexM3\ARM_GCC_541\Debug\Lab_1.a(interrupt.o)
 .debug_line    0x00002c0d      0x1ac .\CortexM3\ARM_GCC_541\Debug\Lab_1.a(PWM_1.o)
 .debug_line    0x00002db9       0xaa .\CortexM3\ARM_GCC_541\Debug\Lab_1.a(AMux_1.o)
 .debug_line    0x00002e63      0x2bc .\CortexM3\ARM_GCC_541\Debug\Lab_1.a(UART.o)
 .debug_line    0x0000311f      0x17c .\CortexM3\ARM_GCC_541\Debug\Lab_1.a(UART_IntClock.o)
 .debug_line    0x0000329b      0x1dc .\CortexM3\ARM_GCC_541\Debug\Lab_1.a(LCD.o)
 .debug_line    0x00003477      0x130 .\CortexM3\ARM_GCC_541\Debug\Lab_1.a(isr.o)
 .debug_line    0x000035a7       0x66 .\CortexM3\ARM_GCC_541\Debug\Lab_1.a(CyBootAsmGnu.o)
 .debug_line    0x0000360d      0x21a .\CortexM3\ARM_GCC_541\Debug\Lab_1.a(CyFlash.o)
 .debug_line    0x00003827      0x260 .\CortexM3\ARM_GCC_541\Debug\Lab_1.a(CySpc.o)

.debug_frame    0x00000000     0x26e4
 *(.debug_frame)
 .debug_frame   0x00000000      0x144 .\CortexM3\ARM_GCC_541\Debug\main.o
 .debug_frame   0x00000144       0x48 .\CortexM3\ARM_GCC_541\Debug\keypad.o
 .debug_frame   0x0000018c      0x13c .\CortexM3\ARM_GCC_541\Debug\cyfitter_cfg.o
 .debug_frame   0x000002c8       0xb8 .\CortexM3\ARM_GCC_541\Debug\Cm3Start.o
 .debug_frame   0x00000380       0x50 .\CortexM3\ARM_GCC_541\Debug\Lab_1.a(Pin_1.o)
 .debug_frame   0x000003d0       0x50 .\CortexM3\ARM_GCC_541\Debug\Lab_1.a(Pin_2.o)
 .debug_frame   0x00000420       0x50 .\CortexM3\ARM_GCC_541\Debug\Lab_1.a(Pin_3.o)
 .debug_frame   0x00000470       0x50 .\CortexM3\ARM_GCC_541\Debug\Lab_1.a(Pin_4.o)
 .debug_frame   0x000004c0      0x738 .\CortexM3\ARM_GCC_541\Debug\Lab_1.a(CyLib.o)
 .debug_frame   0x00000bf8      0x1f8 .\CortexM3\ARM_GCC_541\Debug\Lab_1.a(cyPm.o)
 .debug_frame   0x00000df0       0x50 .\CortexM3\ARM_GCC_541\Debug\Lab_1.a(SW1.o)
 .debug_frame   0x00000e40       0x50 .\CortexM3\ARM_GCC_541\Debug\Lab_1.a(SW2.o)
 .debug_frame   0x00000e90       0x50 .\CortexM3\ARM_GCC_541\Debug\Lab_1.a(SW3.o)
 .debug_frame   0x00000ee0       0x50 .\CortexM3\ARM_GCC_541\Debug\Lab_1.a(SW4.o)
 .debug_frame   0x00000f30       0x50 .\CortexM3\ARM_GCC_541\Debug\Lab_1.a(ROW0.o)
 .debug_frame   0x00000f80       0x50 .\CortexM3\ARM_GCC_541\Debug\Lab_1.a(ROW1.o)
 .debug_frame   0x00000fd0       0x50 .\CortexM3\ARM_GCC_541\Debug\Lab_1.a(ROW2.o)
 .debug_frame   0x00001020       0x50 .\CortexM3\ARM_GCC_541\Debug\Lab_1.a(ROW3.o)
 .debug_frame   0x00001070       0x50 .\CortexM3\ARM_GCC_541\Debug\Lab_1.a(COL1.o)
 .debug_frame   0x000010c0       0x50 .\CortexM3\ARM_GCC_541\Debug\Lab_1.a(COL2.o)
 .debug_frame   0x00001110       0x50 .\CortexM3\ARM_GCC_541\Debug\Lab_1.a(COL3.o)
 .debug_frame   0x00001160      0x284 .\CortexM3\ARM_GCC_541\Debug\Lab_1.a(ADC.o)
 .debug_frame   0x000013e4       0x50 .\CortexM3\ARM_GCC_541\Debug\Lab_1.a(ADC_INT.o)
 .debug_frame   0x00001434       0x64 .\CortexM3\ARM_GCC_541\Debug\Lab_1.a(ADC_AMux.o)
 .debug_frame   0x00001498       0xe0 .\CortexM3\ARM_GCC_541\Debug\Lab_1.a(ADC_Ext_CP_Clk.o)
 .debug_frame   0x00001578      0x100 .\CortexM3\ARM_GCC_541\Debug\Lab_1.a(ADC_theACLK.o)
 .debug_frame   0x00001678      0x108 .\CortexM3\ARM_GCC_541\Debug\Lab_1.a(Timer.o)
 .debug_frame   0x00001780       0xb4 .\CortexM3\ARM_GCC_541\Debug\Lab_1.a(VDAC8_1.o)
 .debug_frame   0x00001834      0x104 .\CortexM3\ARM_GCC_541\Debug\Lab_1.a(interrupt.o)
 .debug_frame   0x00001938      0x154 .\CortexM3\ARM_GCC_541\Debug\Lab_1.a(PWM_1.o)
 .debug_frame   0x00001a8c       0x64 .\CortexM3\ARM_GCC_541\Debug\Lab_1.a(AMux_1.o)
 .debug_frame   0x00001af0      0x250 .\CortexM3\ARM_GCC_541\Debug\Lab_1.a(UART.o)
 .debug_frame   0x00001d40       0xe0 .\CortexM3\ARM_GCC_541\Debug\Lab_1.a(UART_IntClock.o)
 .debug_frame   0x00001e20      0x1e8 .\CortexM3\ARM_GCC_541\Debug\Lab_1.a(LCD.o)
 .debug_frame   0x00002008      0x104 .\CortexM3\ARM_GCC_541\Debug\Lab_1.a(isr.o)
 .debug_frame   0x0000210c      0x194 .\CortexM3\ARM_GCC_541\Debug\Lab_1.a(CyFlash.o)
 .debug_frame   0x000022a0      0x180 .\CortexM3\ARM_GCC_541\Debug\Lab_1.a(CySpc.o)
 .debug_frame   0x00002420       0x38 c:/program files (x86)/cypress/psoc creator/4.3/psoc creator/import/gnu/arm/5.4.1/bin/../lib/gcc/arm-none-eabi/5.4.1/../../../../arm-none-eabi/lib/armv7-m\libm.a(lib_a-s_sin.o)
 .debug_frame   0x00002458       0x48 c:/program files (x86)/cypress/psoc creator/4.3/psoc creator/import/gnu/arm/5.4.1/bin/../lib/gcc/arm-none-eabi/5.4.1/../../../../arm-none-eabi/lib/armv7-m\libm.a(lib_a-e_rem_pio2.o)
 .debug_frame   0x000024a0       0x4c c:/program files (x86)/cypress/psoc creator/4.3/psoc creator/import/gnu/arm/5.4.1/bin/../lib/gcc/arm-none-eabi/5.4.1/../../../../arm-none-eabi/lib/armv7-m\libm.a(lib_a-k_cos.o)
 .debug_frame   0x000024ec       0x50 c:/program files (x86)/cypress/psoc creator/4.3/psoc creator/import/gnu/arm/5.4.1/bin/../lib/gcc/arm-none-eabi/5.4.1/../../../../arm-none-eabi/lib/armv7-m\libm.a(lib_a-k_rem_pio2.o)
 .debug_frame   0x0000253c       0x48 c:/program files (x86)/cypress/psoc creator/4.3/psoc creator/import/gnu/arm/5.4.1/bin/../lib/gcc/arm-none-eabi/5.4.1/../../../../arm-none-eabi/lib/armv7-m\libm.a(lib_a-k_sin.o)
 .debug_frame   0x00002584       0x20 c:/program files (x86)/cypress/psoc creator/4.3/psoc creator/import/gnu/arm/5.4.1/bin/../lib/gcc/arm-none-eabi/5.4.1/../../../../arm-none-eabi/lib/armv7-m\libm.a(lib_a-s_fabs.o)
 .debug_frame   0x000025a4       0x34 c:/program files (x86)/cypress/psoc creator/4.3/psoc creator/import/gnu/arm/5.4.1/bin/../lib/gcc/arm-none-eabi/5.4.1/../../../../arm-none-eabi/lib/armv7-m\libm.a(lib_a-s_floor.o)
 .debug_frame   0x000025d8       0x30 c:/program files (x86)/cypress/psoc creator/4.3/psoc creator/import/gnu/arm/5.4.1/bin/../lib/gcc/arm-none-eabi/5.4.1/../../../../arm-none-eabi/lib/armv7-m\libm.a(lib_a-s_scalbn.o)
 .debug_frame   0x00002608       0x20 c:/program files (x86)/cypress/psoc creator/4.3/psoc creator/import/gnu/arm/5.4.1/bin/../lib/gcc/arm-none-eabi/5.4.1/../../../../arm-none-eabi/lib/armv7-m\libm.a(lib_a-s_copysign.o)
 .debug_frame   0x00002628       0x20 c:/program files (x86)/cypress/psoc creator/4.3/psoc creator/import/gnu/arm/5.4.1/bin/../lib/gcc/arm-none-eabi/5.4.1/../../../../arm-none-eabi/lib/armv7-m\libg_nano.a(lib_a-errno.o)
 .debug_frame   0x00002648       0x28 c:/program files (x86)/cypress/psoc creator/4.3/psoc creator/import/gnu/arm/5.4.1/bin/../lib/gcc/arm-none-eabi/5.4.1/../../../../arm-none-eabi/lib/armv7-m\libg_nano.a(lib_a-exit.o)
 .debug_frame   0x00002670       0x2c c:/program files (x86)/cypress/psoc creator/4.3/psoc creator/import/gnu/arm/5.4.1/bin/../lib/gcc/arm-none-eabi/5.4.1/../../../../arm-none-eabi/lib/armv7-m\libg_nano.a(lib_a-init.o)
 .debug_frame   0x0000269c       0x28 c:/program files (x86)/cypress/psoc creator/4.3/psoc creator/import/gnu/arm/5.4.1/bin/../lib/gcc/arm-none-eabi/5.4.1/../../../../arm-none-eabi/lib/armv7-m\libg_nano.a(lib_a-memcpy-stub.o)
 .debug_frame   0x000026c4       0x20 c:/program files (x86)/cypress/psoc creator/4.3/psoc creator/import/gnu/arm/5.4.1/bin/../lib/gcc/arm-none-eabi/5.4.1/../../../../arm-none-eabi/lib/armv7-m\libg_nano.a(lib_a-memset.o)

.debug_str      0x00000000     0x2b91
 *(.debug_str)
 .debug_str     0x00000000      0x4b7 .\CortexM3\ARM_GCC_541\Debug\main.o
                                0x524 (size before relaxing)
 .debug_str     0x000004b7       0x52 .\CortexM3\ARM_GCC_541\Debug\keypad.o
                                0x221 (size before relaxing)
 .debug_str     0x00000509      0x1fd .\CortexM3\ARM_GCC_541\Debug\cyfitter_cfg.o
                                0x39c (size before relaxing)
 .debug_str     0x00000706       0x75 .\CortexM3\ARM_GCC_541\Debug\cymetadata.o
                                0x1e9 (size before relaxing)
 .debug_str     0x0000077b      0x144 .\CortexM3\ARM_GCC_541\Debug\Cm3Start.o
                                0x30f (size before relaxing)
 .debug_str     0x000008bf       0x5a .\CortexM3\ARM_GCC_541\Debug\Lab_1.a(Pin_1.o)
                                0x1e7 (size before relaxing)
 .debug_str     0x00000919       0x4f .\CortexM3\ARM_GCC_541\Debug\Lab_1.a(Pin_2.o)
                                0x1e7 (size before relaxing)
 .debug_str     0x00000968       0x4f .\CortexM3\ARM_GCC_541\Debug\Lab_1.a(Pin_3.o)
                                0x1e7 (size before relaxing)
 .debug_str     0x000009b7       0x4f .\CortexM3\ARM_GCC_541\Debug\Lab_1.a(Pin_4.o)
                                0x1e7 (size before relaxing)
 .debug_str     0x00000a06      0x838 .\CortexM3\ARM_GCC_541\Debug\Lab_1.a(CyLib.o)
                                0xa4c (size before relaxing)
 .debug_str     0x0000123e      0x365 .\CortexM3\ARM_GCC_541\Debug\Lab_1.a(cyPm.o)
                                0x738 (size before relaxing)
 .debug_str     0x000015a3       0x48 .\CortexM3\ARM_GCC_541\Debug\Lab_1.a(SW1.o)
                                0x1dd (size before relaxing)
 .debug_str     0x000015eb       0x48 .\CortexM3\ARM_GCC_541\Debug\Lab_1.a(SW2.o)
                                0x1dd (size before relaxing)
 .debug_str     0x00001633       0x48 .\CortexM3\ARM_GCC_541\Debug\Lab_1.a(SW3.o)
                                0x1dd (size before relaxing)
 .debug_str     0x0000167b       0x48 .\CortexM3\ARM_GCC_541\Debug\Lab_1.a(SW4.o)
                                0x1dd (size before relaxing)
 .debug_str     0x000016c3       0x4c .\CortexM3\ARM_GCC_541\Debug\Lab_1.a(ROW0.o)
                                0x1e2 (size before relaxing)
 .debug_str     0x0000170f       0x4c .\CortexM3\ARM_GCC_541\Debug\Lab_1.a(ROW1.o)
                                0x1e2 (size before relaxing)
 .debug_str     0x0000175b       0x4c .\CortexM3\ARM_GCC_541\Debug\Lab_1.a(ROW2.o)
                                0x1e2 (size before relaxing)
 .debug_str     0x000017a7       0x4c .\CortexM3\ARM_GCC_541\Debug\Lab_1.a(ROW3.o)
                                0x1e2 (size before relaxing)
 .debug_str     0x000017f3       0x4b .\CortexM3\ARM_GCC_541\Debug\Lab_1.a(COL1.o)
                                0x1e2 (size before relaxing)
 .debug_str     0x0000183e       0x4b .\CortexM3\ARM_GCC_541\Debug\Lab_1.a(COL2.o)
                                0x1e2 (size before relaxing)
 .debug_str     0x00001889       0x4b .\CortexM3\ARM_GCC_541\Debug\Lab_1.a(COL3.o)
                                0x1e2 (size before relaxing)
 .debug_str     0x000018d4      0x34c .\CortexM3\ARM_GCC_541\Debug\Lab_1.a(ADC.o)
                                0x5ce (size before relaxing)
 .debug_str     0x00001c20       0x45 .\CortexM3\ARM_GCC_541\Debug\Lab_1.a(ADC_INT.o)
                                0x1c5 (size before relaxing)
 .debug_str     0x00001c65       0x5f .\CortexM3\ARM_GCC_541\Debug\Lab_1.a(ADC_AMux.o)
                                0x204 (size before relaxing)
 .debug_str     0x00001cc4      0x16d .\CortexM3\ARM_GCC_541\Debug\Lab_1.a(ADC_Ext_CP_Clk.o)
                                0x347 (size before relaxing)
 .debug_str     0x00001e31      0x14f .\CortexM3\ARM_GCC_541\Debug\Lab_1.a(ADC_theACLK.o)
                                0x366 (size before relaxing)
 .debug_str     0x00001f80      0x13d .\CortexM3\ARM_GCC_541\Debug\Lab_1.a(Timer.o)
                                0x2fa (size before relaxing)
 .debug_str     0x000020bd       0x98 .\CortexM3\ARM_GCC_541\Debug\Lab_1.a(VDAC8_1.o)
                                0x238 (size before relaxing)
 .debug_str     0x00002155       0xfd .\CortexM3\ARM_GCC_541\Debug\Lab_1.a(interrupt.o)
                                0x2e3 (size before relaxing)
 .debug_str     0x00002252      0x167 .\CortexM3\ARM_GCC_541\Debug\Lab_1.a(PWM_1.o)
                                0x38c (size before relaxing)
 .debug_str     0x000023b9       0x41 .\CortexM3\ARM_GCC_541\Debug\Lab_1.a(AMux_1.o)
                                0x1f6 (size before relaxing)
 .debug_str     0x000023fa      0x223 .\CortexM3\ARM_GCC_541\Debug\Lab_1.a(UART.o)
                                0x47a (size before relaxing)
 .debug_str     0x0000261d      0x138 .\CortexM3\ARM_GCC_541\Debug\Lab_1.a(UART_IntClock.o)
                                0x33b (size before relaxing)
 .debug_str     0x00002755      0x117 .\CortexM3\ARM_GCC_541\Debug\Lab_1.a(LCD.o)
                                0x330 (size before relaxing)
 .debug_str     0x0000286c       0xbe .\CortexM3\ARM_GCC_541\Debug\Lab_1.a(isr.o)
                                0x28f (size before relaxing)
 .debug_str     0x0000292a      0x1bb .\CortexM3\ARM_GCC_541\Debug\Lab_1.a(CyFlash.o)
                                0x3c5 (size before relaxing)
 .debug_str     0x00002ae5       0xac .\CortexM3\ARM_GCC_541\Debug\Lab_1.a(CySpc.o)
                                0x33d (size before relaxing)

.debug_loc      0x00000000     0x31ee
 *(.debug_loc)
 .debug_loc     0x00000000       0xf6 .\CortexM3\ARM_GCC_541\Debug\main.o
 .debug_loc     0x000000f6      0x2c7 .\CortexM3\ARM_GCC_541\Debug\cyfitter_cfg.o
 .debug_loc     0x000003bd      0x144 .\CortexM3\ARM_GCC_541\Debug\Cm3Start.o
 .debug_loc     0x00000501       0x42 .\CortexM3\ARM_GCC_541\Debug\Lab_1.a(Pin_1.o)
 .debug_loc     0x00000543       0x42 .\CortexM3\ARM_GCC_541\Debug\Lab_1.a(Pin_2.o)
 .debug_loc     0x00000585       0x42 .\CortexM3\ARM_GCC_541\Debug\Lab_1.a(Pin_3.o)
 .debug_loc     0x000005c7       0x42 .\CortexM3\ARM_GCC_541\Debug\Lab_1.a(Pin_4.o)
 .debug_loc     0x00000609      0xa11 .\CortexM3\ARM_GCC_541\Debug\Lab_1.a(CyLib.o)
 .debug_loc     0x0000101a      0x1e4 .\CortexM3\ARM_GCC_541\Debug\Lab_1.a(cyPm.o)
 .debug_loc     0x000011fe       0x42 .\CortexM3\ARM_GCC_541\Debug\Lab_1.a(SW1.o)
 .debug_loc     0x00001240       0x42 .\CortexM3\ARM_GCC_541\Debug\Lab_1.a(SW2.o)
 .debug_loc     0x00001282       0x42 .\CortexM3\ARM_GCC_541\Debug\Lab_1.a(SW3.o)
 .debug_loc     0x000012c4       0x42 .\CortexM3\ARM_GCC_541\Debug\Lab_1.a(SW4.o)
 .debug_loc     0x00001306       0x42 .\CortexM3\ARM_GCC_541\Debug\Lab_1.a(ROW0.o)
 .debug_loc     0x00001348       0x42 .\CortexM3\ARM_GCC_541\Debug\Lab_1.a(ROW1.o)
 .debug_loc     0x0000138a       0x42 .\CortexM3\ARM_GCC_541\Debug\Lab_1.a(ROW2.o)
 .debug_loc     0x000013cc       0x42 .\CortexM3\ARM_GCC_541\Debug\Lab_1.a(ROW3.o)
 .debug_loc     0x0000140e       0x42 .\CortexM3\ARM_GCC_541\Debug\Lab_1.a(COL1.o)
 .debug_loc     0x00001450       0x42 .\CortexM3\ARM_GCC_541\Debug\Lab_1.a(COL2.o)
 .debug_loc     0x00001492       0x42 .\CortexM3\ARM_GCC_541\Debug\Lab_1.a(COL3.o)
 .debug_loc     0x000014d4      0x681 .\CortexM3\ARM_GCC_541\Debug\Lab_1.a(ADC.o)
 .debug_loc     0x00001b55       0x6c .\CortexM3\ARM_GCC_541\Debug\Lab_1.a(ADC_AMux.o)
 .debug_loc     0x00001bc1      0x12c .\CortexM3\ARM_GCC_541\Debug\Lab_1.a(ADC_Ext_CP_Clk.o)
 .debug_loc     0x00001ced      0x14d .\CortexM3\ARM_GCC_541\Debug\Lab_1.a(ADC_theACLK.o)
 .debug_loc     0x00001e3a       0x79 .\CortexM3\ARM_GCC_541\Debug\Lab_1.a(VDAC8_1.o)
 .debug_loc     0x00001eb3       0x56 .\CortexM3\ARM_GCC_541\Debug\Lab_1.a(interrupt.o)
 .debug_loc     0x00001f09       0x26 .\CortexM3\ARM_GCC_541\Debug\Lab_1.a(PWM_1.o)
 .debug_loc     0x00001f2f       0x6c .\CortexM3\ARM_GCC_541\Debug\Lab_1.a(AMux_1.o)
 .debug_loc     0x00001f9b      0x258 .\CortexM3\ARM_GCC_541\Debug\Lab_1.a(UART.o)
 .debug_loc     0x000021f3      0x128 .\CortexM3\ARM_GCC_541\Debug\Lab_1.a(UART_IntClock.o)
 .debug_loc     0x0000231b      0x3c6 .\CortexM3\ARM_GCC_541\Debug\Lab_1.a(LCD.o)
 .debug_loc     0x000026e1       0x56 .\CortexM3\ARM_GCC_541\Debug\Lab_1.a(isr.o)
 .debug_loc     0x00002737      0x3b2 .\CortexM3\ARM_GCC_541\Debug\Lab_1.a(CyFlash.o)
 .debug_loc     0x00002ae9      0x705 .\CortexM3\ARM_GCC_541\Debug\Lab_1.a(CySpc.o)

.debug_macinfo
 *(.debug_macinfo)

.debug_ranges   0x00000000      0xd80
 *(.debug_ranges)
 .debug_ranges  0x00000000       0x60 .\CortexM3\ARM_GCC_541\Debug\main.o
 .debug_ranges  0x00000060       0x18 .\CortexM3\ARM_GCC_541\Debug\keypad.o
 .debug_ranges  0x00000078       0x68 .\CortexM3\ARM_GCC_541\Debug\cyfitter_cfg.o
 .debug_ranges  0x000000e0       0x38 .\CortexM3\ARM_GCC_541\Debug\Cm3Start.o
 .debug_ranges  0x00000118       0x28 .\CortexM3\ARM_GCC_541\Debug\Lab_1.a(Pin_1.o)
 .debug_ranges  0x00000140       0x28 .\CortexM3\ARM_GCC_541\Debug\Lab_1.a(Pin_2.o)
 .debug_ranges  0x00000168       0x28 .\CortexM3\ARM_GCC_541\Debug\Lab_1.a(Pin_3.o)
 .debug_ranges  0x00000190       0x28 .\CortexM3\ARM_GCC_541\Debug\Lab_1.a(Pin_4.o)
 .debug_ranges  0x000001b8      0x290 .\CortexM3\ARM_GCC_541\Debug\Lab_1.a(CyLib.o)
 .debug_ranges  0x00000448       0x88 .\CortexM3\ARM_GCC_541\Debug\Lab_1.a(cyPm.o)
 .debug_ranges  0x000004d0       0x28 .\CortexM3\ARM_GCC_541\Debug\Lab_1.a(SW1.o)
 .debug_ranges  0x000004f8       0x28 .\CortexM3\ARM_GCC_541\Debug\Lab_1.a(SW2.o)
 .debug_ranges  0x00000520       0x28 .\CortexM3\ARM_GCC_541\Debug\Lab_1.a(SW3.o)
 .debug_ranges  0x00000548       0x28 .\CortexM3\ARM_GCC_541\Debug\Lab_1.a(SW4.o)
 .debug_ranges  0x00000570       0x28 .\CortexM3\ARM_GCC_541\Debug\Lab_1.a(ROW0.o)
 .debug_ranges  0x00000598       0x28 .\CortexM3\ARM_GCC_541\Debug\Lab_1.a(ROW1.o)
 .debug_ranges  0x000005c0       0x28 .\CortexM3\ARM_GCC_541\Debug\Lab_1.a(ROW2.o)
 .debug_ranges  0x000005e8       0x28 .\CortexM3\ARM_GCC_541\Debug\Lab_1.a(ROW3.o)
 .debug_ranges  0x00000610       0x28 .\CortexM3\ARM_GCC_541\Debug\Lab_1.a(COL1.o)
 .debug_ranges  0x00000638       0x28 .\CortexM3\ARM_GCC_541\Debug\Lab_1.a(COL2.o)
 .debug_ranges  0x00000660       0x28 .\CortexM3\ARM_GCC_541\Debug\Lab_1.a(COL3.o)
 .debug_ranges  0x00000688       0xd8 .\CortexM3\ARM_GCC_541\Debug\Lab_1.a(ADC.o)
 .debug_ranges  0x00000760       0x28 .\CortexM3\ARM_GCC_541\Debug\Lab_1.a(ADC_INT.o)
 .debug_ranges  0x00000788       0x20 .\CortexM3\ARM_GCC_541\Debug\Lab_1.a(ADC_AMux.o)
 .debug_ranges  0x000007a8       0x60 .\CortexM3\ARM_GCC_541\Debug\Lab_1.a(ADC_Ext_CP_Clk.o)
 .debug_ranges  0x00000808       0x70 .\CortexM3\ARM_GCC_541\Debug\Lab_1.a(ADC_theACLK.o)
 .debug_ranges  0x00000878       0x78 .\CortexM3\ARM_GCC_541\Debug\Lab_1.a(Timer.o)
 .debug_ranges  0x000008f0       0x48 .\CortexM3\ARM_GCC_541\Debug\Lab_1.a(VDAC8_1.o)
 .debug_ranges  0x00000938       0x70 .\CortexM3\ARM_GCC_541\Debug\Lab_1.a(interrupt.o)
 .debug_ranges  0x000009a8       0x98 .\CortexM3\ARM_GCC_541\Debug\Lab_1.a(PWM_1.o)
 .debug_ranges  0x00000a40       0x20 .\CortexM3\ARM_GCC_541\Debug\Lab_1.a(AMux_1.o)
 .debug_ranges  0x00000a60       0xe0 .\CortexM3\ARM_GCC_541\Debug\Lab_1.a(UART.o)
 .debug_ranges  0x00000b40       0x60 .\CortexM3\ARM_GCC_541\Debug\Lab_1.a(UART_IntClock.o)
 .debug_ranges  0x00000ba0       0x88 .\CortexM3\ARM_GCC_541\Debug\Lab_1.a(LCD.o)
 .debug_ranges  0x00000c28       0x70 .\CortexM3\ARM_GCC_541\Debug\Lab_1.a(isr.o)
 .debug_ranges  0x00000c98       0x78 .\CortexM3\ARM_GCC_541\Debug\Lab_1.a(CyFlash.o)
 .debug_ranges  0x00000d10       0x70 .\CortexM3\ARM_GCC_541\Debug\Lab_1.a(CySpc.o)

.comment        0x00000000       0x6e
 .comment       0x00000000       0x6e .\CortexM3\ARM_GCC_541\Debug\main.o
                                 0x6f (size before relaxing)
 .comment       0x0000006e       0x6f .\CortexM3\ARM_GCC_541\Debug\keypad.o
 .comment       0x0000006e       0x6f .\CortexM3\ARM_GCC_541\Debug\cyfitter_cfg.o
 .comment       0x0000006e       0x6f .\CortexM3\ARM_GCC_541\Debug\cymetadata.o
 .comment       0x0000006e       0x6f .\CortexM3\ARM_GCC_541\Debug\Cm3Start.o
 .comment       0x0000006e       0x6f .\CortexM3\ARM_GCC_541\Debug\Lab_1.a(Pin_1.o)
 .comment       0x0000006e       0x6f .\CortexM3\ARM_GCC_541\Debug\Lab_1.a(Pin_2.o)
 .comment       0x0000006e       0x6f .\CortexM3\ARM_GCC_541\Debug\Lab_1.a(Pin_3.o)
 .comment       0x0000006e       0x6f .\CortexM3\ARM_GCC_541\Debug\Lab_1.a(Pin_4.o)
 .comment       0x0000006e       0x6f .\CortexM3\ARM_GCC_541\Debug\Lab_1.a(CyLib.o)
 .comment       0x0000006e       0x6f .\CortexM3\ARM_GCC_541\Debug\Lab_1.a(cyPm.o)
 .comment       0x0000006e       0x6f .\CortexM3\ARM_GCC_541\Debug\Lab_1.a(SW1.o)
 .comment       0x0000006e       0x6f .\CortexM3\ARM_GCC_541\Debug\Lab_1.a(SW2.o)
 .comment       0x0000006e       0x6f .\CortexM3\ARM_GCC_541\Debug\Lab_1.a(SW3.o)
 .comment       0x0000006e       0x6f .\CortexM3\ARM_GCC_541\Debug\Lab_1.a(SW4.o)
 .comment       0x0000006e       0x6f .\CortexM3\ARM_GCC_541\Debug\Lab_1.a(ROW0.o)
 .comment       0x0000006e       0x6f .\CortexM3\ARM_GCC_541\Debug\Lab_1.a(ROW1.o)
 .comment       0x0000006e       0x6f .\CortexM3\ARM_GCC_541\Debug\Lab_1.a(ROW2.o)
 .comment       0x0000006e       0x6f .\CortexM3\ARM_GCC_541\Debug\Lab_1.a(ROW3.o)
 .comment       0x0000006e       0x6f .\CortexM3\ARM_GCC_541\Debug\Lab_1.a(COL1.o)
 .comment       0x0000006e       0x6f .\CortexM3\ARM_GCC_541\Debug\Lab_1.a(COL2.o)
 .comment       0x0000006e       0x6f .\CortexM3\ARM_GCC_541\Debug\Lab_1.a(COL3.o)
 .comment       0x0000006e       0x6f .\CortexM3\ARM_GCC_541\Debug\Lab_1.a(ADC.o)
 .comment       0x0000006e       0x6f .\CortexM3\ARM_GCC_541\Debug\Lab_1.a(ADC_INT.o)
 .comment       0x0000006e       0x6f .\CortexM3\ARM_GCC_541\Debug\Lab_1.a(ADC_AMux.o)
 .comment       0x0000006e       0x6f .\CortexM3\ARM_GCC_541\Debug\Lab_1.a(ADC_Ext_CP_Clk.o)
 .comment       0x0000006e       0x6f .\CortexM3\ARM_GCC_541\Debug\Lab_1.a(ADC_theACLK.o)
 .comment       0x0000006e       0x6f .\CortexM3\ARM_GCC_541\Debug\Lab_1.a(Timer.o)
 .comment       0x0000006e       0x6f .\CortexM3\ARM_GCC_541\Debug\Lab_1.a(VDAC8_1.o)
 .comment       0x0000006e       0x6f .\CortexM3\ARM_GCC_541\Debug\Lab_1.a(interrupt.o)
 .comment       0x0000006e       0x6f .\CortexM3\ARM_GCC_541\Debug\Lab_1.a(PWM_1.o)
 .comment       0x0000006e       0x6f .\CortexM3\ARM_GCC_541\Debug\Lab_1.a(AMux_1.o)
 .comment       0x0000006e       0x6f .\CortexM3\ARM_GCC_541\Debug\Lab_1.a(UART.o)
 .comment       0x0000006e       0x6f .\CortexM3\ARM_GCC_541\Debug\Lab_1.a(UART_IntClock.o)
 .comment       0x0000006e       0x6f .\CortexM3\ARM_GCC_541\Debug\Lab_1.a(LCD.o)
 .comment       0x0000006e       0x6f .\CortexM3\ARM_GCC_541\Debug\Lab_1.a(isr.o)
 .comment       0x0000006e       0x6f .\CortexM3\ARM_GCC_541\Debug\Lab_1.a(CyFlash.o)
 .comment       0x0000006e       0x6f .\CortexM3\ARM_GCC_541\Debug\Lab_1.a(CySpc.o)

.debug_weaknames
 *(.debug_weaknames)

.debug_funcnames
 *(.debug_funcnames)

.debug_typenames
 *(.debug_typenames)

.debug_varnames
 *(.debug_varnames)

.note.gnu.arm.ident
 *(.note.gnu.arm.ident)

.ARM.attributes
                0x00000000       0x29
 *(.ARM.attributes)
 .ARM.attributes
                0x00000000       0x1d c:/program files (x86)/cypress/psoc creator/4.3/psoc creator/import/gnu/arm/5.4.1/bin/../lib/gcc/arm-none-eabi/5.4.1/armv7-m/crti.o
 .ARM.attributes
                0x0000001d       0x2d c:/program files (x86)/cypress/psoc creator/4.3/psoc creator/import/gnu/arm/5.4.1/bin/../lib/gcc/arm-none-eabi/5.4.1/armv7-m/crtbegin.o
 .ARM.attributes
                0x0000004a       0x1b c:/program files (x86)/cypress/psoc creator/4.3/psoc creator/import/gnu/arm/5.4.1/bin/../lib/gcc/arm-none-eabi/5.4.1/../../../../arm-none-eabi/lib/armv7-m/crt0.o
 .ARM.attributes
                0x00000065       0x33 .\CortexM3\ARM_GCC_541\Debug\main.o
 .ARM.attributes
                0x00000098       0x33 .\CortexM3\ARM_GCC_541\Debug\keypad.o
 .ARM.attributes
                0x000000cb       0x33 .\CortexM3\ARM_GCC_541\Debug\cyfitter_cfg.o
 .ARM.attributes
                0x000000fe       0x33 .\CortexM3\ARM_GCC_541\Debug\cymetadata.o
 .ARM.attributes
                0x00000131       0x33 .\CortexM3\ARM_GCC_541\Debug\Cm3Start.o
 .ARM.attributes
                0x00000164       0x33 .\CortexM3\ARM_GCC_541\Debug\Lab_1.a(Pin_1.o)
 .ARM.attributes
                0x00000197       0x33 .\CortexM3\ARM_GCC_541\Debug\Lab_1.a(Pin_2.o)
 .ARM.attributes
                0x000001ca       0x33 .\CortexM3\ARM_GCC_541\Debug\Lab_1.a(Pin_3.o)
 .ARM.attributes
                0x000001fd       0x33 .\CortexM3\ARM_GCC_541\Debug\Lab_1.a(Pin_4.o)
 .ARM.attributes
                0x00000230       0x33 .\CortexM3\ARM_GCC_541\Debug\Lab_1.a(CyLib.o)
 .ARM.attributes
                0x00000263       0x33 .\CortexM3\ARM_GCC_541\Debug\Lab_1.a(cyPm.o)
 .ARM.attributes
                0x00000296       0x33 .\CortexM3\ARM_GCC_541\Debug\Lab_1.a(SW1.o)
 .ARM.attributes
                0x000002c9       0x33 .\CortexM3\ARM_GCC_541\Debug\Lab_1.a(SW2.o)
 .ARM.attributes
                0x000002fc       0x33 .\CortexM3\ARM_GCC_541\Debug\Lab_1.a(SW3.o)
 .ARM.attributes
                0x0000032f       0x33 .\CortexM3\ARM_GCC_541\Debug\Lab_1.a(SW4.o)
 .ARM.attributes
                0x00000362       0x33 .\CortexM3\ARM_GCC_541\Debug\Lab_1.a(ROW0.o)
 .ARM.attributes
                0x00000395       0x33 .\CortexM3\ARM_GCC_541\Debug\Lab_1.a(ROW1.o)
 .ARM.attributes
                0x000003c8       0x33 .\CortexM3\ARM_GCC_541\Debug\Lab_1.a(ROW2.o)
 .ARM.attributes
                0x000003fb       0x33 .\CortexM3\ARM_GCC_541\Debug\Lab_1.a(ROW3.o)
 .ARM.attributes
                0x0000042e       0x33 .\CortexM3\ARM_GCC_541\Debug\Lab_1.a(COL1.o)
 .ARM.attributes
                0x00000461       0x33 .\CortexM3\ARM_GCC_541\Debug\Lab_1.a(COL2.o)
 .ARM.attributes
                0x00000494       0x33 .\CortexM3\ARM_GCC_541\Debug\Lab_1.a(COL3.o)
 .ARM.attributes
                0x000004c7       0x33 .\CortexM3\ARM_GCC_541\Debug\Lab_1.a(ADC.o)
 .ARM.attributes
                0x000004fa       0x33 .\CortexM3\ARM_GCC_541\Debug\Lab_1.a(ADC_INT.o)
 .ARM.attributes
                0x0000052d       0x33 .\CortexM3\ARM_GCC_541\Debug\Lab_1.a(ADC_AMux.o)
 .ARM.attributes
                0x00000560       0x33 .\CortexM3\ARM_GCC_541\Debug\Lab_1.a(ADC_Ext_CP_Clk.o)
 .ARM.attributes
                0x00000593       0x33 .\CortexM3\ARM_GCC_541\Debug\Lab_1.a(ADC_theACLK.o)
 .ARM.attributes
                0x000005c6       0x33 .\CortexM3\ARM_GCC_541\Debug\Lab_1.a(Timer.o)
 .ARM.attributes
                0x000005f9       0x33 .\CortexM3\ARM_GCC_541\Debug\Lab_1.a(VDAC8_1.o)
 .ARM.attributes
                0x0000062c       0x33 .\CortexM3\ARM_GCC_541\Debug\Lab_1.a(interrupt.o)
 .ARM.attributes
                0x0000065f       0x33 .\CortexM3\ARM_GCC_541\Debug\Lab_1.a(PWM_1.o)
 .ARM.attributes
                0x00000692       0x33 .\CortexM3\ARM_GCC_541\Debug\Lab_1.a(AMux_1.o)
 .ARM.attributes
                0x000006c5       0x33 .\CortexM3\ARM_GCC_541\Debug\Lab_1.a(UART.o)
 .ARM.attributes
                0x000006f8       0x33 .\CortexM3\ARM_GCC_541\Debug\Lab_1.a(UART_IntClock.o)
 .ARM.attributes
                0x0000072b       0x33 .\CortexM3\ARM_GCC_541\Debug\Lab_1.a(LCD.o)
 .ARM.attributes
                0x0000075e       0x33 .\CortexM3\ARM_GCC_541\Debug\Lab_1.a(isr.o)
 .ARM.attributes
                0x00000791       0x21 .\CortexM3\ARM_GCC_541\Debug\Lab_1.a(CyBootAsmGnu.o)
 .ARM.attributes
                0x000007b2       0x33 .\CortexM3\ARM_GCC_541\Debug\Lab_1.a(CyFlash.o)
 .ARM.attributes
                0x000007e5       0x33 .\CortexM3\ARM_GCC_541\Debug\Lab_1.a(CySpc.o)
 .ARM.attributes
                0x00000818       0x2d c:/program files (x86)/cypress/psoc creator/4.3/psoc creator/import/gnu/arm/5.4.1/bin/../lib/gcc/arm-none-eabi/5.4.1/../../../../arm-none-eabi/lib/armv7-m\libm.a(lib_a-s_sin.o)
 .ARM.attributes
                0x00000845       0x2d c:/program files (x86)/cypress/psoc creator/4.3/psoc creator/import/gnu/arm/5.4.1/bin/../lib/gcc/arm-none-eabi/5.4.1/../../../../arm-none-eabi/lib/armv7-m\libm.a(lib_a-e_rem_pio2.o)
 .ARM.attributes
                0x00000872       0x2d c:/program files (x86)/cypress/psoc creator/4.3/psoc creator/import/gnu/arm/5.4.1/bin/../lib/gcc/arm-none-eabi/5.4.1/../../../../arm-none-eabi/lib/armv7-m\libm.a(lib_a-k_cos.o)
 .ARM.attributes
                0x0000089f       0x2d c:/program files (x86)/cypress/psoc creator/4.3/psoc creator/import/gnu/arm/5.4.1/bin/../lib/gcc/arm-none-eabi/5.4.1/../../../../arm-none-eabi/lib/armv7-m\libm.a(lib_a-k_rem_pio2.o)
 .ARM.attributes
                0x000008cc       0x2d c:/program files (x86)/cypress/psoc creator/4.3/psoc creator/import/gnu/arm/5.4.1/bin/../lib/gcc/arm-none-eabi/5.4.1/../../../../arm-none-eabi/lib/armv7-m\libm.a(lib_a-k_sin.o)
 .ARM.attributes
                0x000008f9       0x2d c:/program files (x86)/cypress/psoc creator/4.3/psoc creator/import/gnu/arm/5.4.1/bin/../lib/gcc/arm-none-eabi/5.4.1/../../../../arm-none-eabi/lib/armv7-m\libm.a(lib_a-s_fabs.o)
 .ARM.attributes
                0x00000926       0x2d c:/program files (x86)/cypress/psoc creator/4.3/psoc creator/import/gnu/arm/5.4.1/bin/../lib/gcc/arm-none-eabi/5.4.1/../../../../arm-none-eabi/lib/armv7-m\libm.a(lib_a-s_floor.o)
 .ARM.attributes
                0x00000953       0x2d c:/program files (x86)/cypress/psoc creator/4.3/psoc creator/import/gnu/arm/5.4.1/bin/../lib/gcc/arm-none-eabi/5.4.1/../../../../arm-none-eabi/lib/armv7-m\libm.a(lib_a-s_scalbn.o)
 .ARM.attributes
                0x00000980       0x2d c:/program files (x86)/cypress/psoc creator/4.3/psoc creator/import/gnu/arm/5.4.1/bin/../lib/gcc/arm-none-eabi/5.4.1/../../../../arm-none-eabi/lib/armv7-m\libm.a(lib_a-s_copysign.o)
 .ARM.attributes
                0x000009ad       0x1d c:/program files (x86)/cypress/psoc creator/4.3/psoc creator/import/gnu/arm/5.4.1/bin/../lib/gcc/arm-none-eabi/5.4.1/armv7-m\libgcc.a(_arm_addsubdf3.o)
 .ARM.attributes
                0x000009ca       0x1d c:/program files (x86)/cypress/psoc creator/4.3/psoc creator/import/gnu/arm/5.4.1/bin/../lib/gcc/arm-none-eabi/5.4.1/armv7-m\libgcc.a(_arm_muldivdf3.o)
 .ARM.attributes
                0x000009e7       0x1d c:/program files (x86)/cypress/psoc creator/4.3/psoc creator/import/gnu/arm/5.4.1/bin/../lib/gcc/arm-none-eabi/5.4.1/armv7-m\libgcc.a(_arm_cmpdf2.o)
 .ARM.attributes
                0x00000a04       0x1d c:/program files (x86)/cypress/psoc creator/4.3/psoc creator/import/gnu/arm/5.4.1/bin/../lib/gcc/arm-none-eabi/5.4.1/armv7-m\libgcc.a(_arm_fixdfsi.o)
 .ARM.attributes
                0x00000a21       0x1d c:/program files (x86)/cypress/psoc creator/4.3/psoc creator/import/gnu/arm/5.4.1/bin/../lib/gcc/arm-none-eabi/5.4.1/armv7-m\libgcc.a(_arm_truncdfsf2.o)
 .ARM.attributes
                0x00000a3e       0x1d c:/program files (x86)/cypress/psoc creator/4.3/psoc creator/import/gnu/arm/5.4.1/bin/../lib/gcc/arm-none-eabi/5.4.1/armv7-m\libgcc.a(_arm_addsubsf3.o)
 .ARM.attributes
                0x00000a5b       0x1d c:/program files (x86)/cypress/psoc creator/4.3/psoc creator/import/gnu/arm/5.4.1/bin/../lib/gcc/arm-none-eabi/5.4.1/armv7-m\libgcc.a(_arm_muldivsf3.o)
 .ARM.attributes
                0x00000a78       0x1d c:/program files (x86)/cypress/psoc creator/4.3/psoc creator/import/gnu/arm/5.4.1/bin/../lib/gcc/arm-none-eabi/5.4.1/armv7-m\libgcc.a(_arm_fixunssfsi.o)
 .ARM.attributes
                0x00000a95       0x2d c:/program files (x86)/cypress/psoc creator/4.3/psoc creator/import/gnu/arm/5.4.1/bin/../lib/gcc/arm-none-eabi/5.4.1/../../../../arm-none-eabi/lib/armv7-m\libg_nano.a(lib_a-errno.o)
 .ARM.attributes
                0x00000ac2       0x2d c:/program files (x86)/cypress/psoc creator/4.3/psoc creator/import/gnu/arm/5.4.1/bin/../lib/gcc/arm-none-eabi/5.4.1/../../../../arm-none-eabi/lib/armv7-m\libg_nano.a(lib_a-exit.o)
 .ARM.attributes
                0x00000aef       0x2d c:/program files (x86)/cypress/psoc creator/4.3/psoc creator/import/gnu/arm/5.4.1/bin/../lib/gcc/arm-none-eabi/5.4.1/../../../../arm-none-eabi/lib/armv7-m\libg_nano.a(lib_a-impure.o)
 .ARM.attributes
                0x00000b1c       0x2d c:/program files (x86)/cypress/psoc creator/4.3/psoc creator/import/gnu/arm/5.4.1/bin/../lib/gcc/arm-none-eabi/5.4.1/../../../../arm-none-eabi/lib/armv7-m\libg_nano.a(lib_a-init.o)
 .ARM.attributes
                0x00000b49       0x2d c:/program files (x86)/cypress/psoc creator/4.3/psoc creator/import/gnu/arm/5.4.1/bin/../lib/gcc/arm-none-eabi/5.4.1/../../../../arm-none-eabi/lib/armv7-m\libg_nano.a(lib_a-memcpy-stub.o)
 .ARM.attributes
                0x00000b76       0x2d c:/program files (x86)/cypress/psoc creator/4.3/psoc creator/import/gnu/arm/5.4.1/bin/../lib/gcc/arm-none-eabi/5.4.1/../../../../arm-none-eabi/lib/armv7-m\libg_nano.a(lib_a-memset.o)
 .ARM.attributes
                0x00000ba3       0x17 c:/program files (x86)/cypress/psoc creator/4.3/psoc creator/import/gnu/arm/5.4.1/bin/../lib/gcc/arm-none-eabi/5.4.1/../../../../arm-none-eabi/lib/armv7-m\libg_nano.a(lib_a-strlen.o)
 .ARM.attributes
                0x00000bba       0x2d c:/program files (x86)/cypress/psoc creator/4.3/psoc creator/import/gnu/arm/5.4.1/bin/../lib/gcc/arm-none-eabi/5.4.1/armv7-m/crtend.o
 .ARM.attributes
                0x00000be7       0x1d c:/program files (x86)/cypress/psoc creator/4.3/psoc creator/import/gnu/arm/5.4.1/bin/../lib/gcc/arm-none-eabi/5.4.1/armv7-m/crtn.o

/DISCARD/
 *(.note.GNU-stack)